由于文件 (符号) 而包含了归档成员

/home/jdeng/tool/risc_v_tool_chain/bin/../lib/gcc/riscv64-unknown-elf/13.1.1/rv32imc/ilp32/libgcc.a(_lshrdi3.o)
                              /home/jdeng/work/caliptra-sw1-C/rom/dev/caliptraRomC-2nd/build/ecdsa-p384.o (__lshrdi3)
/home/jdeng/tool/risc_v_tool_chain/bin/../lib/gcc/riscv64-unknown-elf/13.1.1/rv32imc/ilp32/libgcc.a(_ashldi3.o)
                              /home/jdeng/work/caliptra-sw1-C/rom/dev/caliptraRomC-2nd/build/ecdsa-p384.o (__ashldi3)
/home/jdeng/tool/risc_v_tool_chain/bin/../lib/gcc/riscv64-unknown-elf/13.1.1/../../../../riscv64-unknown-elf/lib/rv32imc/ilp32/libc.a(libc_a-memcmp.o)
                              /home/jdeng/work/caliptra-sw1-C/rom/dev/caliptraRomC-2nd/build/x509.o (memcmp)
/home/jdeng/tool/risc_v_tool_chain/bin/../lib/gcc/riscv64-unknown-elf/13.1.1/../../../../riscv64-unknown-elf/lib/rv32imc/ilp32/libc.a(libc_a-strstr.o)
                              /home/jdeng/work/caliptra-sw1-C/rom/dev/caliptraRomC-2nd/build/datavault.o (strstr)
/home/jdeng/tool/risc_v_tool_chain/bin/../lib/gcc/riscv64-unknown-elf/13.1.1/../../../../riscv64-unknown-elf/lib/rv32imc/ilp32/libc.a(libc_a-memmove-stub.o)
                              /home/jdeng/work/caliptra-sw1-C/rom/dev/caliptraRomC-2nd/build/x509.o (memmove)
/home/jdeng/tool/risc_v_tool_chain/bin/../lib/gcc/riscv64-unknown-elf/13.1.1/../../../../riscv64-unknown-elf/lib/rv32imc/ilp32/libc.a(libc_a-memset.o)
                              /home/jdeng/work/caliptra-sw1-C/rom/dev/caliptraRomC-2nd/build/ecc.o (memset)
/home/jdeng/tool/risc_v_tool_chain/bin/../lib/gcc/riscv64-unknown-elf/13.1.1/../../../../riscv64-unknown-elf/lib/rv32imc/ilp32/libc.a(libc_a-memcpy.o)
                              /home/jdeng/work/caliptra-sw1-C/rom/dev/caliptraRomC-2nd/build/ecc.o (memcpy)
/home/jdeng/tool/risc_v_tool_chain/bin/../lib/gcc/riscv64-unknown-elf/13.1.1/../../../../riscv64-unknown-elf/lib/rv32imc/ilp32/libc.a(libc_a-strlen.o)
                              /home/jdeng/work/caliptra-sw1-C/rom/dev/caliptraRomC-2nd/build/x509.o (strlen)
/home/jdeng/tool/risc_v_tool_chain/bin/../lib/gcc/riscv64-unknown-elf/13.1.1/../../../../riscv64-unknown-elf/lib/rv32imc/ilp32/libc.a(libc_a-strchr.o)
                              /home/jdeng/tool/risc_v_tool_chain/bin/../lib/gcc/riscv64-unknown-elf/13.1.1/../../../../riscv64-unknown-elf/lib/rv32imc/ilp32/libc.a(libc_a-strstr.o) (strchr)
/home/jdeng/tool/risc_v_tool_chain/bin/../lib/gcc/riscv64-unknown-elf/13.1.1/../../../../riscv64-unknown-elf/lib/rv32imc/ilp32/libc.a(libc_a-strnlen.o)
                              /home/jdeng/tool/risc_v_tool_chain/bin/../lib/gcc/riscv64-unknown-elf/13.1.1/../../../../riscv64-unknown-elf/lib/rv32imc/ilp32/libc.a(libc_a-strstr.o) (strnlen)

舍弃的输入节

 .text          0x00000000        0x0 /home/jdeng/work/caliptra-sw1-C/rom/dev/caliptraRomC-2nd/build/caliptra_isr.o
 .data          0x00000000        0x0 /home/jdeng/work/caliptra-sw1-C/rom/dev/caliptraRomC-2nd/build/caliptra_isr.o
 .bss           0x00000000        0x0 /home/jdeng/work/caliptra-sw1-C/rom/dev/caliptraRomC-2nd/build/caliptra_isr.o
 .text.std_rv_nop_machine
                0x00000000        0x8 /home/jdeng/work/caliptra-sw1-C/rom/dev/caliptraRomC-2nd/build/caliptra_isr.o
 .text.std_rv_isr_vector_table
                0x00000000       0x7c /home/jdeng/work/caliptra-sw1-C/rom/dev/caliptraRomC-2nd/build/caliptra_isr.o
 .text.nonstd_veer_isr_0
                0x00000000        0x4 /home/jdeng/work/caliptra-sw1-C/rom/dev/caliptraRomC-2nd/build/caliptra_isr.o
 .rodata.nonstd_veer_isr_sha512_acc_notif.str1.4
                0x00000000       0x53 /home/jdeng/work/caliptra-sw1-C/rom/dev/caliptraRomC-2nd/build/caliptra_isr.o
 .text.nonstd_veer_isr_sha512_acc_notif
                0x00000000      0x108 /home/jdeng/work/caliptra-sw1-C/rom/dev/caliptraRomC-2nd/build/caliptra_isr.o
 .rodata.nonstd_veer_isr_sha512_acc_error.str1.4
                0x00000000       0x2f /home/jdeng/work/caliptra-sw1-C/rom/dev/caliptraRomC-2nd/build/caliptra_isr.o
 .text.nonstd_veer_isr_sha512_acc_error
                0x00000000       0xd0 /home/jdeng/work/caliptra-sw1-C/rom/dev/caliptraRomC-2nd/build/caliptra_isr.o
 .rodata.nonstd_veer_isr_soc_ifc_notif.str1.4
                0x00000000       0x4c /home/jdeng/work/caliptra-sw1-C/rom/dev/caliptraRomC-2nd/build/caliptra_isr.o
 .text.nonstd_veer_isr_soc_ifc_notif
                0x00000000      0x18a /home/jdeng/work/caliptra-sw1-C/rom/dev/caliptraRomC-2nd/build/caliptra_isr.o
 .rodata.nonstd_veer_isr_soc_ifc_error.str1.4
                0x00000000       0x4c /home/jdeng/work/caliptra-sw1-C/rom/dev/caliptraRomC-2nd/build/caliptra_isr.o
 .text.nonstd_veer_isr_soc_ifc_error
                0x00000000      0x1aa /home/jdeng/work/caliptra-sw1-C/rom/dev/caliptraRomC-2nd/build/caliptra_isr.o
 .rodata.nonstd_veer_isr_sha256_notif.str1.4
                0x00000000       0x47 /home/jdeng/work/caliptra-sw1-C/rom/dev/caliptraRomC-2nd/build/caliptra_isr.o
 .text.nonstd_veer_isr_sha256_notif
                0x00000000      0x108 /home/jdeng/work/caliptra-sw1-C/rom/dev/caliptraRomC-2nd/build/caliptra_isr.o
 .rodata.nonstd_veer_isr_sha256_error.str1.4
                0x00000000       0x27 /home/jdeng/work/caliptra-sw1-C/rom/dev/caliptraRomC-2nd/build/caliptra_isr.o
 .text.nonstd_veer_isr_sha256_error
                0x00000000       0xd0 /home/jdeng/work/caliptra-sw1-C/rom/dev/caliptraRomC-2nd/build/caliptra_isr.o
 .rodata.nonstd_veer_isr_sha512_notif.str1.4
                0x00000000       0x47 /home/jdeng/work/caliptra-sw1-C/rom/dev/caliptraRomC-2nd/build/caliptra_isr.o
 .text.nonstd_veer_isr_sha512_notif
                0x00000000      0x108 /home/jdeng/work/caliptra-sw1-C/rom/dev/caliptraRomC-2nd/build/caliptra_isr.o
 .rodata.nonstd_veer_isr_sha512_error.str1.4
                0x00000000       0x27 /home/jdeng/work/caliptra-sw1-C/rom/dev/caliptraRomC-2nd/build/caliptra_isr.o
 .text.nonstd_veer_isr_sha512_error
                0x00000000       0xd0 /home/jdeng/work/caliptra-sw1-C/rom/dev/caliptraRomC-2nd/build/caliptra_isr.o
 .rodata.nonstd_veer_isr_kv_notif.str1.4
                0x00000000       0x1f /home/jdeng/work/caliptra-sw1-C/rom/dev/caliptraRomC-2nd/build/caliptra_isr.o
 .text.nonstd_veer_isr_kv_notif
                0x00000000       0xd0 /home/jdeng/work/caliptra-sw1-C/rom/dev/caliptraRomC-2nd/build/caliptra_isr.o
 .rodata.nonstd_veer_isr_kv_error.str1.4
                0x00000000       0x1f /home/jdeng/work/caliptra-sw1-C/rom/dev/caliptraRomC-2nd/build/caliptra_isr.o
 .text.nonstd_veer_isr_kv_error
                0x00000000       0xd0 /home/jdeng/work/caliptra-sw1-C/rom/dev/caliptraRomC-2nd/build/caliptra_isr.o
 .rodata.nonstd_veer_isr_hmac_notif.str1.4
                0x00000000       0x45 /home/jdeng/work/caliptra-sw1-C/rom/dev/caliptraRomC-2nd/build/caliptra_isr.o
 .text.nonstd_veer_isr_hmac_notif
                0x00000000      0x108 /home/jdeng/work/caliptra-sw1-C/rom/dev/caliptraRomC-2nd/build/caliptra_isr.o
 .rodata.nonstd_veer_isr_hmac_error.str1.4
                0x00000000       0x25 /home/jdeng/work/caliptra-sw1-C/rom/dev/caliptraRomC-2nd/build/caliptra_isr.o
 .text.nonstd_veer_isr_hmac_error
                0x00000000       0xd0 /home/jdeng/work/caliptra-sw1-C/rom/dev/caliptraRomC-2nd/build/caliptra_isr.o
 .rodata.nonstd_veer_isr_ecc_notif.str1.4
                0x00000000       0x40 /home/jdeng/work/caliptra-sw1-C/rom/dev/caliptraRomC-2nd/build/caliptra_isr.o
 .text.nonstd_veer_isr_ecc_notif
                0x00000000      0x108 /home/jdeng/work/caliptra-sw1-C/rom/dev/caliptraRomC-2nd/build/caliptra_isr.o
 .rodata.nonstd_veer_isr_ecc_error.str1.4
                0x00000000       0x42 /home/jdeng/work/caliptra-sw1-C/rom/dev/caliptraRomC-2nd/build/caliptra_isr.o
 .text.nonstd_veer_isr_ecc_error
                0x00000000       0xe0 /home/jdeng/work/caliptra-sw1-C/rom/dev/caliptraRomC-2nd/build/caliptra_isr.o
 .rodata.nonstd_veer_isr_doe_notif.str1.4
                0x00000000       0x40 /home/jdeng/work/caliptra-sw1-C/rom/dev/caliptraRomC-2nd/build/caliptra_isr.o
 .text.nonstd_veer_isr_doe_notif
                0x00000000      0x108 /home/jdeng/work/caliptra-sw1-C/rom/dev/caliptraRomC-2nd/build/caliptra_isr.o
 .rodata.nonstd_veer_isr_doe_error.str1.4
                0x00000000       0x42 /home/jdeng/work/caliptra-sw1-C/rom/dev/caliptraRomC-2nd/build/caliptra_isr.o
 .text.nonstd_veer_isr_doe_error
                0x00000000       0xe0 /home/jdeng/work/caliptra-sw1-C/rom/dev/caliptraRomC-2nd/build/caliptra_isr.o
 .text.init_interrupts
                0x00000000       0xf0 /home/jdeng/work/caliptra-sw1-C/rom/dev/caliptraRomC-2nd/build/caliptra_isr.o
 .text.std_rv_mtvec_mti
                0x00000000       0x20 /home/jdeng/work/caliptra-sw1-C/rom/dev/caliptraRomC-2nd/build/caliptra_isr.o
 .text.nonstd_veer_mtvec_miti0
                0x00000000        0xc /home/jdeng/work/caliptra-sw1-C/rom/dev/caliptraRomC-2nd/build/caliptra_isr.o
 .text.nonstd_veer_mtvec_mcei
                0x00000000       0x20 /home/jdeng/work/caliptra-sw1-C/rom/dev/caliptraRomC-2nd/build/caliptra_isr.o
 .text.std_rv_mtvec_exception
                0x00000000       0x24 /home/jdeng/work/caliptra-sw1-C/rom/dev/caliptraRomC-2nd/build/caliptra_isr.o
 .dccm.nonstd_isr.vec_table
                0x00000000       0x80 /home/jdeng/work/caliptra-sw1-C/rom/dev/caliptraRomC-2nd/build/caliptra_isr.o
 .comment       0x00000000       0x19 /home/jdeng/work/caliptra-sw1-C/rom/dev/caliptraRomC-2nd/build/caliptra_isr.o
 .note.GNU-stack
                0x00000000        0x0 /home/jdeng/work/caliptra-sw1-C/rom/dev/caliptraRomC-2nd/build/caliptra_isr.o
 .riscv.attributes
                0x00000000       0x33 /home/jdeng/work/caliptra-sw1-C/rom/dev/caliptraRomC-2nd/build/caliptra_isr.o
 .text          0x00000000        0x0 /home/jdeng/work/caliptra-sw1-C/rom/dev/caliptraRomC-2nd/build/datavault.o
 .data          0x00000000        0x0 /home/jdeng/work/caliptra-sw1-C/rom/dev/caliptraRomC-2nd/build/datavault.o
 .bss           0x00000000        0x0 /home/jdeng/work/caliptra-sw1-C/rom/dev/caliptraRomC-2nd/build/datavault.o
 .text.find_dv_reg
                0x00000000       0x3a /home/jdeng/work/caliptra-sw1-C/rom/dev/caliptraRomC-2nd/build/datavault.o
 .text.find_dv_reg_by_pfx
                0x00000000       0x54 /home/jdeng/work/caliptra-sw1-C/rom/dev/caliptraRomC-2nd/build/datavault.o
 .text.get_datset_len
                0x00000000       0x18 /home/jdeng/work/caliptra-sw1-C/rom/dev/caliptraRomC-2nd/build/datavault.o
 .text.update_bitmap
                0x00000000       0x1a /home/jdeng/work/caliptra-sw1-C/rom/dev/caliptraRomC-2nd/build/datavault.o
 .rodata.print_bitmap.str1.4
                0x00000000       0x30 /home/jdeng/work/caliptra-sw1-C/rom/dev/caliptraRomC-2nd/build/datavault.o
 .text.print_bitmap
                0x00000000       0x68 /home/jdeng/work/caliptra-sw1-C/rom/dev/caliptraRomC-2nd/build/datavault.o
 .text.str_contains
                0x00000000       0x16 /home/jdeng/work/caliptra-sw1-C/rom/dev/caliptraRomC-2nd/build/datavault.o
 .rodata.is_ctrl_reg.str1.4
                0x00000000        0x5 /home/jdeng/work/caliptra-sw1-C/rom/dev/caliptraRomC-2nd/build/datavault.o
 .text.is_ctrl_reg
                0x00000000       0x12 /home/jdeng/work/caliptra-sw1-C/rom/dev/caliptraRomC-2nd/build/datavault.o
 .rodata.store_to_datavault.str1.4
                0x00000000       0x89 /home/jdeng/work/caliptra-sw1-C/rom/dev/caliptraRomC-2nd/build/datavault.o
 .text.store_to_datavault
                0x00000000       0xf4 /home/jdeng/work/caliptra-sw1-C/rom/dev/caliptraRomC-2nd/build/datavault.o
 .rodata.read_from_datavault.str1.4
                0x00000000       0x49 /home/jdeng/work/caliptra-sw1-C/rom/dev/caliptraRomC-2nd/build/datavault.o
 .text.read_from_datavault
                0x00000000       0xbe /home/jdeng/work/caliptra-sw1-C/rom/dev/caliptraRomC-2nd/build/datavault.o
 .rodata.__func__.0
                0x00000000       0x14 /home/jdeng/work/caliptra-sw1-C/rom/dev/caliptraRomC-2nd/build/datavault.o
 .rodata.__func__.1
                0x00000000       0x13 /home/jdeng/work/caliptra-sw1-C/rom/dev/caliptraRomC-2nd/build/datavault.o
 .bss.lock_status_bitmap
                0x00000000       0x6c /home/jdeng/work/caliptra-sw1-C/rom/dev/caliptraRomC-2nd/build/datavault.o
 .data.dv_ctrl_regids
                0x00000000       0xd0 /home/jdeng/work/caliptra-sw1-C/rom/dev/caliptraRomC-2nd/build/datavault.o
 .rodata.str1.4
                0x00000000      0x28f /home/jdeng/work/caliptra-sw1-C/rom/dev/caliptraRomC-2nd/build/datavault.o
 .dccm          0x00000000      0x21c /home/jdeng/work/caliptra-sw1-C/rom/dev/caliptraRomC-2nd/build/datavault.o
 .comment       0x00000000       0x19 /home/jdeng/work/caliptra-sw1-C/rom/dev/caliptraRomC-2nd/build/datavault.o
 .note.GNU-stack
                0x00000000        0x0 /home/jdeng/work/caliptra-sw1-C/rom/dev/caliptraRomC-2nd/build/datavault.o
 .riscv.attributes
                0x00000000       0x2f /home/jdeng/work/caliptra-sw1-C/rom/dev/caliptraRomC-2nd/build/datavault.o
 .text          0x00000000        0x0 /home/jdeng/work/caliptra-sw1-C/rom/dev/caliptraRomC-2nd/build/ecc.o
 .data          0x00000000        0x0 /home/jdeng/work/caliptra-sw1-C/rom/dev/caliptraRomC-2nd/build/ecc.o
 .bss           0x00000000        0x0 /home/jdeng/work/caliptra-sw1-C/rom/dev/caliptraRomC-2nd/build/ecc.o
 .rodata.wait_for_ecc_intr.str1.4
                0x00000000       0x4f /home/jdeng/work/caliptra-sw1-C/rom/dev/caliptraRomC-2nd/build/ecc.o
 .text.wait_for_ecc_intr
                0x00000000       0x50 /home/jdeng/work/caliptra-sw1-C/rom/dev/caliptraRomC-2nd/build/ecc.o
 .rodata.ecc_zeroize.str1.4
                0x00000000       0x12 /home/jdeng/work/caliptra-sw1-C/rom/dev/caliptraRomC-2nd/build/ecc.o
 .text.ecc_zeroize
                0x00000000       0x2a /home/jdeng/work/caliptra-sw1-C/rom/dev/caliptraRomC-2nd/build/ecc.o
 .rodata.ecc_keygen_flow.str1.4
                0x00000000      0x141 /home/jdeng/work/caliptra-sw1-C/rom/dev/caliptraRomC-2nd/build/ecc.o
 .text.ecc_keygen_flow
                0x00000000      0x3c0 /home/jdeng/work/caliptra-sw1-C/rom/dev/caliptraRomC-2nd/build/ecc.o
 .rodata.ecc_signing_flow.str1.4
                0x00000000       0xef /home/jdeng/work/caliptra-sw1-C/rom/dev/caliptraRomC-2nd/build/ecc.o
 .text.ecc_signing_flow
                0x00000000      0x290 /home/jdeng/work/caliptra-sw1-C/rom/dev/caliptraRomC-2nd/build/ecc.o
 .rodata.ecc_verifying_flow.str1.4
                0x00000000       0x8a /home/jdeng/work/caliptra-sw1-C/rom/dev/caliptraRomC-2nd/build/ecc.o
 .text.ecc_verifying_flow
                0x00000000      0x1b8 /home/jdeng/work/caliptra-sw1-C/rom/dev/caliptraRomC-2nd/build/ecc.o
 .rodata.ecc_pcr_signing_flow.str1.4
                0x00000000       0x11 /home/jdeng/work/caliptra-sw1-C/rom/dev/caliptraRomC-2nd/build/ecc.o
 .text.ecc_pcr_signing_flow
                0x00000000      0x158 /home/jdeng/work/caliptra-sw1-C/rom/dev/caliptraRomC-2nd/build/ecc.o
 .rodata.ecc_sigh_test.str1.4
                0x00000000       0x6c /home/jdeng/work/caliptra-sw1-C/rom/dev/caliptraRomC-2nd/build/ecc.o
 .text.ecc_sigh_test
                0x00000000      0x3ae /home/jdeng/work/caliptra-sw1-C/rom/dev/caliptraRomC-2nd/build/ecc.o
 .rodata.ecc_verify_test.str1.4
                0x00000000       0x43 /home/jdeng/work/caliptra-sw1-C/rom/dev/caliptraRomC-2nd/build/ecc.o
 .text.ecc_verify_test
                0x00000000      0x1ec /home/jdeng/work/caliptra-sw1-C/rom/dev/caliptraRomC-2nd/build/ecc.o
 .rodata.__func__.0
                0x00000000       0x10 /home/jdeng/work/caliptra-sw1-C/rom/dev/caliptraRomC-2nd/build/ecc.o
 .rodata        0x00000000       0x74 /home/jdeng/work/caliptra-sw1-C/rom/dev/caliptraRomC-2nd/build/ecc.o
 .comment       0x00000000       0x19 /home/jdeng/work/caliptra-sw1-C/rom/dev/caliptraRomC-2nd/build/ecc.o
 .note.GNU-stack
                0x00000000        0x0 /home/jdeng/work/caliptra-sw1-C/rom/dev/caliptraRomC-2nd/build/ecc.o
 .riscv.attributes
                0x00000000       0x33 /home/jdeng/work/caliptra-sw1-C/rom/dev/caliptraRomC-2nd/build/ecc.o
 .text          0x00000000        0x0 /home/jdeng/work/caliptra-sw1-C/rom/dev/caliptraRomC-2nd/build/ecdsa-p384.o
 .data          0x00000000        0x0 /home/jdeng/work/caliptra-sw1-C/rom/dev/caliptraRomC-2nd/build/ecdsa-p384.o
 .bss           0x00000000        0x0 /home/jdeng/work/caliptra-sw1-C/rom/dev/caliptraRomC-2nd/build/ecdsa-p384.o
 .text.ecdh_shared_secret
                0x00000000       0x7a /home/jdeng/work/caliptra-sw1-C/rom/dev/caliptraRomC-2nd/build/ecdsa-p384.o
 .text          0x00000000        0x0 /home/jdeng/work/caliptra-sw1-C/rom/dev/caliptraRomC-2nd/build/hmac.o
 .data          0x00000000        0x0 /home/jdeng/work/caliptra-sw1-C/rom/dev/caliptraRomC-2nd/build/hmac.o
 .bss           0x00000000        0x0 /home/jdeng/work/caliptra-sw1-C/rom/dev/caliptraRomC-2nd/build/hmac.o
 .rodata.wait_for_hmac_intr.str1.4
                0x00000000       0x48 /home/jdeng/work/caliptra-sw1-C/rom/dev/caliptraRomC-2nd/build/hmac.o
 .text.wait_for_hmac_intr
                0x00000000       0x4e /home/jdeng/work/caliptra-sw1-C/rom/dev/caliptraRomC-2nd/build/hmac.o
 .rodata.hmac_zeroize.str1.4
                0x00000000       0x13 /home/jdeng/work/caliptra-sw1-C/rom/dev/caliptraRomC-2nd/build/hmac.o
 .text.hmac_zeroize
                0x00000000       0x2a /home/jdeng/work/caliptra-sw1-C/rom/dev/caliptraRomC-2nd/build/hmac.o
 .rodata.hmac_flow.str1.4
                0x00000000       0xbe /home/jdeng/work/caliptra-sw1-C/rom/dev/caliptraRomC-2nd/build/hmac.o
 .text.hmac_flow
                0x00000000      0x23a /home/jdeng/work/caliptra-sw1-C/rom/dev/caliptraRomC-2nd/build/hmac.o
 .rodata.__func__.0
                0x00000000        0xa /home/jdeng/work/caliptra-sw1-C/rom/dev/caliptraRomC-2nd/build/hmac.o
 .comment       0x00000000       0x19 /home/jdeng/work/caliptra-sw1-C/rom/dev/caliptraRomC-2nd/build/hmac.o
 .note.GNU-stack
                0x00000000        0x0 /home/jdeng/work/caliptra-sw1-C/rom/dev/caliptraRomC-2nd/build/hmac.o
 .riscv.attributes
                0x00000000       0x33 /home/jdeng/work/caliptra-sw1-C/rom/dev/caliptraRomC-2nd/build/hmac.o
 .text          0x00000000        0x0 /home/jdeng/work/caliptra-sw1-C/rom/dev/caliptraRomC-2nd/build/keyvault.o
 .data          0x00000000        0x0 /home/jdeng/work/caliptra-sw1-C/rom/dev/caliptraRomC-2nd/build/keyvault.o
 .bss           0x00000000        0x0 /home/jdeng/work/caliptra-sw1-C/rom/dev/caliptraRomC-2nd/build/keyvault.o
 .rodata.kv_error_check.str1.4
                0x00000000       0x21 /home/jdeng/work/caliptra-sw1-C/rom/dev/caliptraRomC-2nd/build/keyvault.o
 .text.kv_error_check
                0x00000000       0x3e /home/jdeng/work/caliptra-sw1-C/rom/dev/caliptraRomC-2nd/build/keyvault.o
 .rodata.kv_read_ctrl.str1.4
                0x00000000       0x16 /home/jdeng/work/caliptra-sw1-C/rom/dev/caliptraRomC-2nd/build/keyvault.o
 .text.kv_read_ctrl
                0x00000000       0x3a /home/jdeng/work/caliptra-sw1-C/rom/dev/caliptraRomC-2nd/build/keyvault.o
 .rodata.kv_write_ctrl.str1.4
                0x00000000       0x17 /home/jdeng/work/caliptra-sw1-C/rom/dev/caliptraRomC-2nd/build/keyvault.o
 .text.kv_write_ctrl
                0x00000000       0x70 /home/jdeng/work/caliptra-sw1-C/rom/dev/caliptraRomC-2nd/build/keyvault.o
 .rodata.pv_hash_extend.str1.4
                0x00000000       0x2f /home/jdeng/work/caliptra-sw1-C/rom/dev/caliptraRomC-2nd/build/keyvault.o
 .text.pv_hash_extend
                0x00000000       0x3a /home/jdeng/work/caliptra-sw1-C/rom/dev/caliptraRomC-2nd/build/keyvault.o
 .comment       0x00000000       0x19 /home/jdeng/work/caliptra-sw1-C/rom/dev/caliptraRomC-2nd/build/keyvault.o
 .note.GNU-stack
                0x00000000        0x0 /home/jdeng/work/caliptra-sw1-C/rom/dev/caliptraRomC-2nd/build/keyvault.o
 .riscv.attributes
                0x00000000       0x2f /home/jdeng/work/caliptra-sw1-C/rom/dev/caliptraRomC-2nd/build/keyvault.o
 .text          0x00000000        0x0 /home/jdeng/work/caliptra-sw1-C/rom/dev/caliptraRomC-2nd/build/mailbox.o
 .data          0x00000000        0x0 /home/jdeng/work/caliptra-sw1-C/rom/dev/caliptraRomC-2nd/build/mailbox.o
 .bss           0x00000000        0x0 /home/jdeng/work/caliptra-sw1-C/rom/dev/caliptraRomC-2nd/build/mailbox.o
 .text.mailbox_try_start_send_txn
                0x00000000       0x14 /home/jdeng/work/caliptra-sw1-C/rom/dev/caliptraRomC-2nd/build/mailbox.o
 .text.mailbox_wait_until_start_send_txn
                0x00000000       0x14 /home/jdeng/work/caliptra-sw1-C/rom/dev/caliptraRomC-2nd/build/mailbox.o
 .text.mailbox_send_write_cmd
                0x00000000       0x22 /home/jdeng/work/caliptra-sw1-C/rom/dev/caliptraRomC-2nd/build/mailbox.o
 .text.mailbox_send_write_dlen
                0x00000000       0x2e /home/jdeng/work/caliptra-sw1-C/rom/dev/caliptraRomC-2nd/build/mailbox.o
 .text.mailbox_send_copy_request
                0x00000000       0x82 /home/jdeng/work/caliptra-sw1-C/rom/dev/caliptraRomC-2nd/build/mailbox.o
 .text.mailbox_send_execute_request
                0x00000000       0x24 /home/jdeng/work/caliptra-sw1-C/rom/dev/caliptraRomC-2nd/build/mailbox.o
 .text.mailbox_send_send_request
                0x00000000       0x2c /home/jdeng/work/caliptra-sw1-C/rom/dev/caliptraRomC-2nd/build/mailbox.o
 .text.mailbox_send_is_response_ready
                0x00000000       0x10 /home/jdeng/work/caliptra-sw1-C/rom/dev/caliptraRomC-2nd/build/mailbox.o
 .text.mailbox_send_status
                0x00000000        0xa /home/jdeng/work/caliptra-sw1-C/rom/dev/caliptraRomC-2nd/build/mailbox.o
 .text.mailbox_send_complete
                0x00000000       0x24 /home/jdeng/work/caliptra-sw1-C/rom/dev/caliptraRomC-2nd/build/mailbox.o
 .text.mailbox_try_start_recv_txn
                0x00000000       0x16 /home/jdeng/work/caliptra-sw1-C/rom/dev/caliptraRomC-2nd/build/mailbox.o
 .text.mailbox_recv_cmd
                0x00000000        0x8 /home/jdeng/work/caliptra-sw1-C/rom/dev/caliptraRomC-2nd/build/mailbox.o
 .text.mailbox_recv_user
                0x00000000        0x8 /home/jdeng/work/caliptra-sw1-C/rom/dev/caliptraRomC-2nd/build/mailbox.o
 .text.mailbox_recv_dlen
                0x00000000        0x8 /home/jdeng/work/caliptra-sw1-C/rom/dev/caliptraRomC-2nd/build/mailbox.o
 .text.mailbox_abort_pending_soc_to_uc_transactions
                0x00000000        0x2 /home/jdeng/work/caliptra-sw1-C/rom/dev/caliptraRomC-2nd/build/mailbox.o
 .text          0x00000000        0x0 /home/jdeng/work/caliptra-sw1-C/rom/dev/caliptraRomC-2nd/build/printf.o
 .data          0x00000000        0x0 /home/jdeng/work/caliptra-sw1-C/rom/dev/caliptraRomC-2nd/build/printf.o
 .bss           0x00000000        0x0 /home/jdeng/work/caliptra-sw1-C/rom/dev/caliptraRomC-2nd/build/printf.o
 .text.whisperGetc
                0x00000000        0x8 /home/jdeng/work/caliptra-sw1-C/rom/dev/caliptraRomC-2nd/build/printf.o
 .text.whisperGets
                0x00000000       0x54 /home/jdeng/work/caliptra-sw1-C/rom/dev/caliptraRomC-2nd/build/printf.o
 .text.whisperPrintf
                0x00000000       0x24 /home/jdeng/work/caliptra-sw1-C/rom/dev/caliptraRomC-2nd/build/printf.o
 .text.putc     0x00000000        0xc /home/jdeng/work/caliptra-sw1-C/rom/dev/caliptraRomC-2nd/build/printf.o
 .text.get_mcycle
                0x00000000       0x12 /home/jdeng/work/caliptra-sw1-C/rom/dev/caliptraRomC-2nd/build/printf.o
 .text          0x00000000        0x0 /home/jdeng/work/caliptra-sw1-C/rom/dev/caliptraRomC-2nd/build/qspi.o
 .data          0x00000000        0x0 /home/jdeng/work/caliptra-sw1-C/rom/dev/caliptraRomC-2nd/build/qspi.o
 .bss           0x00000000        0x0 /home/jdeng/work/caliptra-sw1-C/rom/dev/caliptraRomC-2nd/build/qspi.o
 .rodata.check_spi_status.str1.4
                0x00000000       0x60 /home/jdeng/work/caliptra-sw1-C/rom/dev/caliptraRomC-2nd/build/qspi.o
 .text.check_spi_status
                0x00000000      0x10e /home/jdeng/work/caliptra-sw1-C/rom/dev/caliptraRomC-2nd/build/qspi.o
 .text.fifo_rx_wait
                0x00000000       0x22 /home/jdeng/work/caliptra-sw1-C/rom/dev/caliptraRomC-2nd/build/qspi.o
 .text.spi_command_wait
                0x00000000       0x12 /home/jdeng/work/caliptra-sw1-C/rom/dev/caliptraRomC-2nd/build/qspi.o
 .text.set_spi_csid
                0x00000000       0x10 /home/jdeng/work/caliptra-sw1-C/rom/dev/caliptraRomC-2nd/build/qspi.o
 .text.write_tx_fifo
                0x00000000       0x2e /home/jdeng/work/caliptra-sw1-C/rom/dev/caliptraRomC-2nd/build/qspi.o
 .text.spi_command
                0x00000000       0x32 /home/jdeng/work/caliptra-sw1-C/rom/dev/caliptraRomC-2nd/build/qspi.o
 .text.spi_read_response
                0x00000000       0x2c /home/jdeng/work/caliptra-sw1-C/rom/dev/caliptraRomC-2nd/build/qspi.o
 .text.spi_read_response2
                0x00000000       0x52 /home/jdeng/work/caliptra-sw1-C/rom/dev/caliptraRomC-2nd/build/qspi.o
 .text.end_sim_if_qspi_disabled
                0x00000000       0x10 /home/jdeng/work/caliptra-sw1-C/rom/dev/caliptraRomC-2nd/build/qspi.o
 .text.enable_spi_host
                0x00000000       0x18 /home/jdeng/work/caliptra-sw1-C/rom/dev/caliptraRomC-2nd/build/qspi.o
 .text.disable_spi_host
                0x00000000       0x12 /home/jdeng/work/caliptra-sw1-C/rom/dev/caliptraRomC-2nd/build/qspi.o
 .text.init_qspi
                0x00000000       0x18 /home/jdeng/work/caliptra-sw1-C/rom/dev/caliptraRomC-2nd/build/qspi.o
 .text.configure_spi_host_slow
                0x00000000       0x22 /home/jdeng/work/caliptra-sw1-C/rom/dev/caliptraRomC-2nd/build/qspi.o
 .text.configure_spi_host_fast
                0x00000000       0x20 /home/jdeng/work/caliptra-sw1-C/rom/dev/caliptraRomC-2nd/build/qspi.o
 .text.sd_send_cmd
                0x00000000      0x542 /home/jdeng/work/caliptra-sw1-C/rom/dev/caliptraRomC-2nd/build/qspi.o
 .text.sendpulse
                0x00000000       0x22 /home/jdeng/work/caliptra-sw1-C/rom/dev/caliptraRomC-2nd/build/qspi.o
 .text.init_sd_card
                0x00000000      0x140 /home/jdeng/work/caliptra-sw1-C/rom/dev/caliptraRomC-2nd/build/qspi.o
 .text.read_sd_card
                0x00000000       0x4a /home/jdeng/work/caliptra-sw1-C/rom/dev/caliptraRomC-2nd/build/qspi.o
 .comment       0x00000000       0x19 /home/jdeng/work/caliptra-sw1-C/rom/dev/caliptraRomC-2nd/build/qspi.o
 .note.GNU-stack
                0x00000000        0x0 /home/jdeng/work/caliptra-sw1-C/rom/dev/caliptraRomC-2nd/build/qspi.o
 .riscv.attributes
                0x00000000       0x33 /home/jdeng/work/caliptra-sw1-C/rom/dev/caliptraRomC-2nd/build/qspi.o
 .text          0x00000000        0x0 /home/jdeng/work/caliptra-sw1-C/rom/dev/caliptraRomC-2nd/build/sha256.o
 .data          0x00000000        0x0 /home/jdeng/work/caliptra-sw1-C/rom/dev/caliptraRomC-2nd/build/sha256.o
 .bss           0x00000000        0x0 /home/jdeng/work/caliptra-sw1-C/rom/dev/caliptraRomC-2nd/build/sha256.o
 .rodata.wait_for_sha256_intr.str1.4
                0x00000000       0x4a /home/jdeng/work/caliptra-sw1-C/rom/dev/caliptraRomC-2nd/build/sha256.o
 .text.wait_for_sha256_intr
                0x00000000       0x4e /home/jdeng/work/caliptra-sw1-C/rom/dev/caliptraRomC-2nd/build/sha256.o
 .rodata.sha256_zeroize.str1.4
                0x00000000       0x15 /home/jdeng/work/caliptra-sw1-C/rom/dev/caliptraRomC-2nd/build/sha256.o
 .text.sha256_zeroize
                0x00000000       0x2a /home/jdeng/work/caliptra-sw1-C/rom/dev/caliptraRomC-2nd/build/sha256.o
 .rodata.sha256_flow.str1.4
                0x00000000       0xb2 /home/jdeng/work/caliptra-sw1-C/rom/dev/caliptraRomC-2nd/build/sha256.o
 .text.sha256_flow
                0x00000000      0x14e /home/jdeng/work/caliptra-sw1-C/rom/dev/caliptraRomC-2nd/build/sha256.o
 .text.sha256_flow_produce
                0x00000000       0xba /home/jdeng/work/caliptra-sw1-C/rom/dev/caliptraRomC-2nd/build/sha256.o
 .comment       0x00000000       0x19 /home/jdeng/work/caliptra-sw1-C/rom/dev/caliptraRomC-2nd/build/sha256.o
 .note.GNU-stack
                0x00000000        0x0 /home/jdeng/work/caliptra-sw1-C/rom/dev/caliptraRomC-2nd/build/sha256.o
 .riscv.attributes
                0x00000000       0x33 /home/jdeng/work/caliptra-sw1-C/rom/dev/caliptraRomC-2nd/build/sha256.o
 .text          0x00000000        0x0 /home/jdeng/work/caliptra-sw1-C/rom/dev/caliptraRomC-2nd/build/sha384.o
 .data          0x00000000        0x0 /home/jdeng/work/caliptra-sw1-C/rom/dev/caliptraRomC-2nd/build/sha384.o
 .bss           0x00000000        0x0 /home/jdeng/work/caliptra-sw1-C/rom/dev/caliptraRomC-2nd/build/sha384.o
 .text          0x00000000        0x0 /home/jdeng/work/caliptra-sw1-C/rom/dev/caliptraRomC-2nd/build/sha512.o
 .data          0x00000000        0x0 /home/jdeng/work/caliptra-sw1-C/rom/dev/caliptraRomC-2nd/build/sha512.o
 .bss           0x00000000        0x0 /home/jdeng/work/caliptra-sw1-C/rom/dev/caliptraRomC-2nd/build/sha512.o
 .text.delay_second.constprop.0
                0x00000000       0x46 /home/jdeng/work/caliptra-sw1-C/rom/dev/caliptraRomC-2nd/build/sha512.o
 .rodata.wait_for_sha512_intr.str1.4
                0x00000000       0x4a /home/jdeng/work/caliptra-sw1-C/rom/dev/caliptraRomC-2nd/build/sha512.o
 .text.wait_for_sha512_intr
                0x00000000       0x4e /home/jdeng/work/caliptra-sw1-C/rom/dev/caliptraRomC-2nd/build/sha512.o
 .rodata.sha_init.str1.4
                0x00000000       0x21 /home/jdeng/work/caliptra-sw1-C/rom/dev/caliptraRomC-2nd/build/sha512.o
 .text.sha_init
                0x00000000       0x38 /home/jdeng/work/caliptra-sw1-C/rom/dev/caliptraRomC-2nd/build/sha512.o
 .rodata.sha_next.str1.4
                0x00000000       0x21 /home/jdeng/work/caliptra-sw1-C/rom/dev/caliptraRomC-2nd/build/sha512.o
 .text.sha_next
                0x00000000       0x38 /home/jdeng/work/caliptra-sw1-C/rom/dev/caliptraRomC-2nd/build/sha512.o
 .rodata.sha_init_last.str1.4
                0x00000000       0x2b /home/jdeng/work/caliptra-sw1-C/rom/dev/caliptraRomC-2nd/build/sha512.o
 .text.sha_init_last
                0x00000000       0x38 /home/jdeng/work/caliptra-sw1-C/rom/dev/caliptraRomC-2nd/build/sha512.o
 .rodata.sha_next_last.str1.4
                0x00000000       0x2b /home/jdeng/work/caliptra-sw1-C/rom/dev/caliptraRomC-2nd/build/sha512.o
 .text.sha_next_last
                0x00000000       0x38 /home/jdeng/work/caliptra-sw1-C/rom/dev/caliptraRomC-2nd/build/sha512.o
 .rodata.sha_gen_hash_start.str1.4
                0x00000000       0x24 /home/jdeng/work/caliptra-sw1-C/rom/dev/caliptraRomC-2nd/build/sha512.o
 .text.sha_gen_hash_start
                0x00000000       0x2c /home/jdeng/work/caliptra-sw1-C/rom/dev/caliptraRomC-2nd/build/sha512.o
 .rodata.sha384_kvflow.str1.4
                0x00000000       0x8a /home/jdeng/work/caliptra-sw1-C/rom/dev/caliptraRomC-2nd/build/sha512.o
 .text.sha384_kvflow
                0x00000000      0x13a /home/jdeng/work/caliptra-sw1-C/rom/dev/caliptraRomC-2nd/build/sha512.o
 .rodata.sha512_zeroize.str1.4
                0x00000000       0x15 /home/jdeng/work/caliptra-sw1-C/rom/dev/caliptraRomC-2nd/build/sha512.o
 .text.sha512_zeroize
                0x00000000       0x2a /home/jdeng/work/caliptra-sw1-C/rom/dev/caliptraRomC-2nd/build/sha512.o
 .rodata.sha512_flow.str1.4
                0x00000000        0xe /home/jdeng/work/caliptra-sw1-C/rom/dev/caliptraRomC-2nd/build/sha512.o
 .text.sha512_flow
                0x00000000       0xde /home/jdeng/work/caliptra-sw1-C/rom/dev/caliptraRomC-2nd/build/sha512.o
 .rodata.measure_soc.str1.4
                0x00000000       0xdc /home/jdeng/work/caliptra-sw1-C/rom/dev/caliptraRomC-2nd/build/sha512.o
 .text.measure_soc
                0x00000000      0x2da /home/jdeng/work/caliptra-sw1-C/rom/dev/caliptraRomC-2nd/build/sha512.o
 .rodata.measure_rt.str1.4
                0x00000000       0x34 /home/jdeng/work/caliptra-sw1-C/rom/dev/caliptraRomC-2nd/build/sha512.o
 .text.measure_rt
                0x00000000      0x2da /home/jdeng/work/caliptra-sw1-C/rom/dev/caliptraRomC-2nd/build/sha512.o
 .rodata.measure_fmc.str1.4
                0x00000000       0x35 /home/jdeng/work/caliptra-sw1-C/rom/dev/caliptraRomC-2nd/build/sha512.o
 .text.measure_fmc
                0x00000000      0x2d0 /home/jdeng/work/caliptra-sw1-C/rom/dev/caliptraRomC-2nd/build/sha512.o
 .rodata.__func__.0
                0x00000000        0xc /home/jdeng/work/caliptra-sw1-C/rom/dev/caliptraRomC-2nd/build/sha512.o
 .rodata.__func__.1
                0x00000000        0xb /home/jdeng/work/caliptra-sw1-C/rom/dev/caliptraRomC-2nd/build/sha512.o
 .rodata.__func__.2
                0x00000000        0xc /home/jdeng/work/caliptra-sw1-C/rom/dev/caliptraRomC-2nd/build/sha512.o
 .rodata        0x00000000       0xc0 /home/jdeng/work/caliptra-sw1-C/rom/dev/caliptraRomC-2nd/build/sha512.o
 .comment       0x00000000       0x19 /home/jdeng/work/caliptra-sw1-C/rom/dev/caliptraRomC-2nd/build/sha512.o
 .note.GNU-stack
                0x00000000        0x0 /home/jdeng/work/caliptra-sw1-C/rom/dev/caliptraRomC-2nd/build/sha512.o
 .riscv.attributes
                0x00000000       0x33 /home/jdeng/work/caliptra-sw1-C/rom/dev/caliptraRomC-2nd/build/sha512.o
 .text          0x00000000        0x0 /home/jdeng/work/caliptra-sw1-C/rom/dev/caliptraRomC-2nd/build/sm3.o
 .data          0x00000000        0x0 /home/jdeng/work/caliptra-sw1-C/rom/dev/caliptraRomC-2nd/build/sm3.o
 .bss           0x00000000        0x0 /home/jdeng/work/caliptra-sw1-C/rom/dev/caliptraRomC-2nd/build/sm3.o
 .text.sm3_process
                0x00000000      0x4d6 /home/jdeng/work/caliptra-sw1-C/rom/dev/caliptraRomC-2nd/build/sm3.o
 .text.sm3_starts
                0x00000000       0x5a /home/jdeng/work/caliptra-sw1-C/rom/dev/caliptraRomC-2nd/build/sm3.o
 .text.sm3_update
                0x00000000       0xd6 /home/jdeng/work/caliptra-sw1-C/rom/dev/caliptraRomC-2nd/build/sm3.o
 .text.sm3_finish
                0x00000000      0x190 /home/jdeng/work/caliptra-sw1-C/rom/dev/caliptraRomC-2nd/build/sm3.o
 .text.sm3      0x00000000       0x40 /home/jdeng/work/caliptra-sw1-C/rom/dev/caliptraRomC-2nd/build/sm3.o
 .rodata.sm3_padding
                0x00000000       0x40 /home/jdeng/work/caliptra-sw1-C/rom/dev/caliptraRomC-2nd/build/sm3.o
 .comment       0x00000000       0x19 /home/jdeng/work/caliptra-sw1-C/rom/dev/caliptraRomC-2nd/build/sm3.o
 .note.GNU-stack
                0x00000000        0x0 /home/jdeng/work/caliptra-sw1-C/rom/dev/caliptraRomC-2nd/build/sm3.o
 .riscv.attributes
                0x00000000       0x2f /home/jdeng/work/caliptra-sw1-C/rom/dev/caliptraRomC-2nd/build/sm3.o
 .text          0x00000000        0x0 /home/jdeng/work/caliptra-sw1-C/rom/dev/caliptraRomC-2nd/build/soc_ifc.o
 .data          0x00000000        0x0 /home/jdeng/work/caliptra-sw1-C/rom/dev/caliptraRomC-2nd/build/soc_ifc.o
 .bss           0x00000000        0x0 /home/jdeng/work/caliptra-sw1-C/rom/dev/caliptraRomC-2nd/build/soc_ifc.o
 .rodata.soc_ifc_clear_execute_reg.str1.4
                0x00000000       0x1b /home/jdeng/work/caliptra-sw1-C/rom/dev/caliptraRomC-2nd/build/soc_ifc.o
 .text.soc_ifc_clear_execute_reg
                0x00000000       0x2e /home/jdeng/work/caliptra-sw1-C/rom/dev/caliptraRomC-2nd/build/soc_ifc.o
 .rodata.soc_ifc_chk_execute_uc.str1.4
                0x00000000      0x13c /home/jdeng/work/caliptra-sw1-C/rom/dev/caliptraRomC-2nd/build/soc_ifc.o
 .text.soc_ifc_chk_execute_uc
                0x00000000       0x82 /home/jdeng/work/caliptra-sw1-C/rom/dev/caliptraRomC-2nd/build/soc_ifc.o
 .rodata.soc_ifc_set_mbox_status_field.str1.4
                0x00000000       0x28 /home/jdeng/work/caliptra-sw1-C/rom/dev/caliptraRomC-2nd/build/soc_ifc.o
 .text.soc_ifc_set_mbox_status_field
                0x00000000       0x38 /home/jdeng/work/caliptra-sw1-C/rom/dev/caliptraRomC-2nd/build/soc_ifc.o
 .rodata.soc_ifc_w1clr_sha_lock_field.str1.4
                0x00000000       0x55 /home/jdeng/work/caliptra-sw1-C/rom/dev/caliptraRomC-2nd/build/soc_ifc.o
 .text.soc_ifc_w1clr_sha_lock_field
                0x00000000       0x66 /home/jdeng/work/caliptra-sw1-C/rom/dev/caliptraRomC-2nd/build/soc_ifc.o
 .rodata.soc_ifc_clr_flow_status_field.str1.4
                0x00000000       0x2a /home/jdeng/work/caliptra-sw1-C/rom/dev/caliptraRomC-2nd/build/soc_ifc.o
 .text.soc_ifc_clr_flow_status_field
                0x00000000       0x52 /home/jdeng/work/caliptra-sw1-C/rom/dev/caliptraRomC-2nd/build/soc_ifc.o
 .rodata.soc_ifc_mbox_fw_flow.str1.4
                0x00000000      0x170 /home/jdeng/work/caliptra-sw1-C/rom/dev/caliptraRomC-2nd/build/soc_ifc.o
 .text.soc_ifc_mbox_fw_flow
                0x00000000      0x18a /home/jdeng/work/caliptra-sw1-C/rom/dev/caliptraRomC-2nd/build/soc_ifc.o
 .rodata.soc_ifc_fw_update.str1.4
                0x00000000       0x30 /home/jdeng/work/caliptra-sw1-C/rom/dev/caliptraRomC-2nd/build/soc_ifc.o
 .text.soc_ifc_fw_update
                0x00000000       0x62 /home/jdeng/work/caliptra-sw1-C/rom/dev/caliptraRomC-2nd/build/soc_ifc.o
 .rodata.soc_ifc_set_fw_update_reset.str1.4
                0x00000000       0x6d /home/jdeng/work/caliptra-sw1-C/rom/dev/caliptraRomC-2nd/build/soc_ifc.o
 .text.soc_ifc_set_fw_update_reset
                0x00000000       0x84 /home/jdeng/work/caliptra-sw1-C/rom/dev/caliptraRomC-2nd/build/soc_ifc.o
 .text.soc_ifc_sha_accel_acquire_lock
                0x00000000        0xc /home/jdeng/work/caliptra-sw1-C/rom/dev/caliptraRomC-2nd/build/soc_ifc.o
 .text.soc_ifc_sha_accel_wr_mode
                0x00000000       0x16 /home/jdeng/work/caliptra-sw1-C/rom/dev/caliptraRomC-2nd/build/soc_ifc.o
 .text.soc_ifc_sha_accel_poll_status
                0x00000000       0x16 /home/jdeng/work/caliptra-sw1-C/rom/dev/caliptraRomC-2nd/build/soc_ifc.o
 .text.soc_ifc_sha_accel_clr_lock
                0x00000000       0x12 /home/jdeng/work/caliptra-sw1-C/rom/dev/caliptraRomC-2nd/build/soc_ifc.o
 .text          0x00000000        0x0 /home/jdeng/work/caliptra-sw1-C/rom/dev/caliptraRomC-2nd/build/trng.o
 .data          0x00000000        0x0 /home/jdeng/work/caliptra-sw1-C/rom/dev/caliptraRomC-2nd/build/trng.o
 .bss           0x00000000        0x0 /home/jdeng/work/caliptra-sw1-C/rom/dev/caliptraRomC-2nd/build/trng.o
 .rodata.read_and_compare.str1.4
                0x00000000       0x14 /home/jdeng/work/caliptra-sw1-C/rom/dev/caliptraRomC-2nd/build/trng.o
 .text.read_and_compare
                0x00000000       0x28 /home/jdeng/work/caliptra-sw1-C/rom/dev/caliptraRomC-2nd/build/trng.o
 .text.poll_reg
                0x00000000        0x8 /home/jdeng/work/caliptra-sw1-C/rom/dev/caliptraRomC-2nd/build/trng.o
 .rodata.run_entropy_source_seed_test.str1.4
                0x00000000       0x5b /home/jdeng/work/caliptra-sw1-C/rom/dev/caliptraRomC-2nd/build/trng.o
 .text.run_entropy_source_seed_test
                0x00000000       0xc8 /home/jdeng/work/caliptra-sw1-C/rom/dev/caliptraRomC-2nd/build/trng.o
 .rodata.run_smoke_test.str1.4
                0x00000000       0x68 /home/jdeng/work/caliptra-sw1-C/rom/dev/caliptraRomC-2nd/build/trng.o
 .text.run_smoke_test
                0x00000000      0x570 /home/jdeng/work/caliptra-sw1-C/rom/dev/caliptraRomC-2nd/build/trng.o
 .text          0x00000000        0x0 /home/jdeng/work/caliptra-sw1-C/rom/dev/caliptraRomC-2nd/build/uart.o
 .data          0x00000000        0x0 /home/jdeng/work/caliptra-sw1-C/rom/dev/caliptraRomC-2nd/build/uart.o
 .bss           0x00000000        0x0 /home/jdeng/work/caliptra-sw1-C/rom/dev/caliptraRomC-2nd/build/uart.o
 .text.uart_rx  0x00000000       0x1a /home/jdeng/work/caliptra-sw1-C/rom/dev/caliptraRomC-2nd/build/uart.o
 .text.run_loopback_test
                0x00000000       0x76 /home/jdeng/work/caliptra-sw1-C/rom/dev/caliptraRomC-2nd/build/uart.o
 .text          0x00000000        0x0 /home/jdeng/work/caliptra-sw1-C/rom/dev/caliptraRomC-2nd/build/x509.o
 .data          0x00000000        0x0 /home/jdeng/work/caliptra-sw1-C/rom/dev/caliptraRomC-2nd/build/x509.o
 .bss           0x00000000        0x0 /home/jdeng/work/caliptra-sw1-C/rom/dev/caliptraRomC-2nd/build/x509.o
 .text.asn1_read_length
                0x00000000       0x3e /home/jdeng/work/caliptra-sw1-C/rom/dev/caliptraRomC-2nd/build/x509.o
 .rodata.parse_x509_cert.str1.4
                0x00000000      0x4d3 /home/jdeng/work/caliptra-sw1-C/rom/dev/caliptraRomC-2nd/build/x509.o
 .text.parse_x509_cert
                0x00000000      0x500 /home/jdeng/work/caliptra-sw1-C/rom/dev/caliptraRomC-2nd/build/x509.o
 .rodata.print_cert_info.str1.4
                0x00000000       0x60 /home/jdeng/work/caliptra-sw1-C/rom/dev/caliptraRomC-2nd/build/x509.o
 .text.print_cert_info
                0x00000000      0x10c /home/jdeng/work/caliptra-sw1-C/rom/dev/caliptraRomC-2nd/build/x509.o
 .rodata.parse_and_print_certificates.str1.4
                0x00000000       0x5e /home/jdeng/work/caliptra-sw1-C/rom/dev/caliptraRomC-2nd/build/x509.o
 .text.parse_and_print_certificates
                0x00000000       0xbc /home/jdeng/work/caliptra-sw1-C/rom/dev/caliptraRomC-2nd/build/x509.o
 .text          0x00000000        0x0 /home/jdeng/work/caliptra-sw1-C/rom/dev/caliptraRomC-2nd/bootrom/src/main.o
 .data          0x00000000        0x0 /home/jdeng/work/caliptra-sw1-C/rom/dev/caliptraRomC-2nd/bootrom/src/main.o
 .bss           0x00000000        0x0 /home/jdeng/work/caliptra-sw1-C/rom/dev/caliptraRomC-2nd/bootrom/src/main.o
 .text          0x00000000        0x0 /home/jdeng/work/caliptra-sw1-C/rom/dev/caliptraRomC-2nd/bootrom/src/start.o
 .bss           0x00000000        0x0 /home/jdeng/work/caliptra-sw1-C/rom/dev/caliptraRomC-2nd/bootrom/src/start.o
 .eh_frame      0x00000000       0x28 /home/jdeng/work/caliptra-sw1-C/rom/dev/caliptraRomC-2nd/bootrom/src/start.o
 .data          0x00000000        0x0 /home/jdeng/tool/risc_v_tool_chain/bin/../lib/gcc/riscv64-unknown-elf/13.1.1/rv32imc/ilp32/libgcc.a(_lshrdi3.o)
 .bss           0x00000000        0x0 /home/jdeng/tool/risc_v_tool_chain/bin/../lib/gcc/riscv64-unknown-elf/13.1.1/rv32imc/ilp32/libgcc.a(_lshrdi3.o)
 .data          0x00000000        0x0 /home/jdeng/tool/risc_v_tool_chain/bin/../lib/gcc/riscv64-unknown-elf/13.1.1/rv32imc/ilp32/libgcc.a(_ashldi3.o)
 .bss           0x00000000        0x0 /home/jdeng/tool/risc_v_tool_chain/bin/../lib/gcc/riscv64-unknown-elf/13.1.1/rv32imc/ilp32/libgcc.a(_ashldi3.o)
 .text          0x00000000        0x0 /home/jdeng/tool/risc_v_tool_chain/bin/../lib/gcc/riscv64-unknown-elf/13.1.1/../../../../riscv64-unknown-elf/lib/rv32imc/ilp32/libc.a(libc_a-memcmp.o)
 .data          0x00000000        0x0 /home/jdeng/tool/risc_v_tool_chain/bin/../lib/gcc/riscv64-unknown-elf/13.1.1/../../../../riscv64-unknown-elf/lib/rv32imc/ilp32/libc.a(libc_a-memcmp.o)
 .bss           0x00000000        0x0 /home/jdeng/tool/risc_v_tool_chain/bin/../lib/gcc/riscv64-unknown-elf/13.1.1/../../../../riscv64-unknown-elf/lib/rv32imc/ilp32/libc.a(libc_a-memcmp.o)
 .text          0x00000000        0x0 /home/jdeng/tool/risc_v_tool_chain/bin/../lib/gcc/riscv64-unknown-elf/13.1.1/../../../../riscv64-unknown-elf/lib/rv32imc/ilp32/libc.a(libc_a-strstr.o)
 .data          0x00000000        0x0 /home/jdeng/tool/risc_v_tool_chain/bin/../lib/gcc/riscv64-unknown-elf/13.1.1/../../../../riscv64-unknown-elf/lib/rv32imc/ilp32/libc.a(libc_a-strstr.o)
 .bss           0x00000000        0x0 /home/jdeng/tool/risc_v_tool_chain/bin/../lib/gcc/riscv64-unknown-elf/13.1.1/../../../../riscv64-unknown-elf/lib/rv32imc/ilp32/libc.a(libc_a-strstr.o)
 .text.critical_factorization
                0x00000000       0xd0 /home/jdeng/tool/risc_v_tool_chain/bin/../lib/gcc/riscv64-unknown-elf/13.1.1/../../../../riscv64-unknown-elf/lib/rv32imc/ilp32/libc.a(libc_a-strstr.o)
 .text.two_way_short_needle
                0x00000000      0x1c0 /home/jdeng/tool/risc_v_tool_chain/bin/../lib/gcc/riscv64-unknown-elf/13.1.1/../../../../riscv64-unknown-elf/lib/rv32imc/ilp32/libc.a(libc_a-strstr.o)
 .text.two_way_long_needle
                0x00000000      0x280 /home/jdeng/tool/risc_v_tool_chain/bin/../lib/gcc/riscv64-unknown-elf/13.1.1/../../../../riscv64-unknown-elf/lib/rv32imc/ilp32/libc.a(libc_a-strstr.o)
 .text.strstr   0x00000000      0x1de /home/jdeng/tool/risc_v_tool_chain/bin/../lib/gcc/riscv64-unknown-elf/13.1.1/../../../../riscv64-unknown-elf/lib/rv32imc/ilp32/libc.a(libc_a-strstr.o)
 .comment       0x00000000       0x1c /home/jdeng/tool/risc_v_tool_chain/bin/../lib/gcc/riscv64-unknown-elf/13.1.1/../../../../riscv64-unknown-elf/lib/rv32imc/ilp32/libc.a(libc_a-strstr.o)
 .note.GNU-stack
                0x00000000        0x0 /home/jdeng/tool/risc_v_tool_chain/bin/../lib/gcc/riscv64-unknown-elf/13.1.1/../../../../riscv64-unknown-elf/lib/rv32imc/ilp32/libc.a(libc_a-strstr.o)
 .riscv.attributes
                0x00000000       0x2f /home/jdeng/tool/risc_v_tool_chain/bin/../lib/gcc/riscv64-unknown-elf/13.1.1/../../../../riscv64-unknown-elf/lib/rv32imc/ilp32/libc.a(libc_a-strstr.o)
 .text          0x00000000        0x0 /home/jdeng/tool/risc_v_tool_chain/bin/../lib/gcc/riscv64-unknown-elf/13.1.1/../../../../riscv64-unknown-elf/lib/rv32imc/ilp32/libc.a(libc_a-memmove-stub.o)
 .data          0x00000000        0x0 /home/jdeng/tool/risc_v_tool_chain/bin/../lib/gcc/riscv64-unknown-elf/13.1.1/../../../../riscv64-unknown-elf/lib/rv32imc/ilp32/libc.a(libc_a-memmove-stub.o)
 .bss           0x00000000        0x0 /home/jdeng/tool/risc_v_tool_chain/bin/../lib/gcc/riscv64-unknown-elf/13.1.1/../../../../riscv64-unknown-elf/lib/rv32imc/ilp32/libc.a(libc_a-memmove-stub.o)
 .data          0x00000000        0x0 /home/jdeng/tool/risc_v_tool_chain/bin/../lib/gcc/riscv64-unknown-elf/13.1.1/../../../../riscv64-unknown-elf/lib/rv32imc/ilp32/libc.a(libc_a-memset.o)
 .bss           0x00000000        0x0 /home/jdeng/tool/risc_v_tool_chain/bin/../lib/gcc/riscv64-unknown-elf/13.1.1/../../../../riscv64-unknown-elf/lib/rv32imc/ilp32/libc.a(libc_a-memset.o)
 .text          0x00000000        0x0 /home/jdeng/tool/risc_v_tool_chain/bin/../lib/gcc/riscv64-unknown-elf/13.1.1/../../../../riscv64-unknown-elf/lib/rv32imc/ilp32/libc.a(libc_a-memcpy.o)
 .data          0x00000000        0x0 /home/jdeng/tool/risc_v_tool_chain/bin/../lib/gcc/riscv64-unknown-elf/13.1.1/../../../../riscv64-unknown-elf/lib/rv32imc/ilp32/libc.a(libc_a-memcpy.o)
 .bss           0x00000000        0x0 /home/jdeng/tool/risc_v_tool_chain/bin/../lib/gcc/riscv64-unknown-elf/13.1.1/../../../../riscv64-unknown-elf/lib/rv32imc/ilp32/libc.a(libc_a-memcpy.o)
 .text          0x00000000        0x0 /home/jdeng/tool/risc_v_tool_chain/bin/../lib/gcc/riscv64-unknown-elf/13.1.1/../../../../riscv64-unknown-elf/lib/rv32imc/ilp32/libc.a(libc_a-strlen.o)
 .data          0x00000000        0x0 /home/jdeng/tool/risc_v_tool_chain/bin/../lib/gcc/riscv64-unknown-elf/13.1.1/../../../../riscv64-unknown-elf/lib/rv32imc/ilp32/libc.a(libc_a-strlen.o)
 .bss           0x00000000        0x0 /home/jdeng/tool/risc_v_tool_chain/bin/../lib/gcc/riscv64-unknown-elf/13.1.1/../../../../riscv64-unknown-elf/lib/rv32imc/ilp32/libc.a(libc_a-strlen.o)
 .text          0x00000000        0x0 /home/jdeng/tool/risc_v_tool_chain/bin/../lib/gcc/riscv64-unknown-elf/13.1.1/../../../../riscv64-unknown-elf/lib/rv32imc/ilp32/libc.a(libc_a-strchr.o)
 .data          0x00000000        0x0 /home/jdeng/tool/risc_v_tool_chain/bin/../lib/gcc/riscv64-unknown-elf/13.1.1/../../../../riscv64-unknown-elf/lib/rv32imc/ilp32/libc.a(libc_a-strchr.o)
 .bss           0x00000000        0x0 /home/jdeng/tool/risc_v_tool_chain/bin/../lib/gcc/riscv64-unknown-elf/13.1.1/../../../../riscv64-unknown-elf/lib/rv32imc/ilp32/libc.a(libc_a-strchr.o)
 .text.strchr   0x00000000       0xee /home/jdeng/tool/risc_v_tool_chain/bin/../lib/gcc/riscv64-unknown-elf/13.1.1/../../../../riscv64-unknown-elf/lib/rv32imc/ilp32/libc.a(libc_a-strchr.o)
 .comment       0x00000000       0x1c /home/jdeng/tool/risc_v_tool_chain/bin/../lib/gcc/riscv64-unknown-elf/13.1.1/../../../../riscv64-unknown-elf/lib/rv32imc/ilp32/libc.a(libc_a-strchr.o)
 .note.GNU-stack
                0x00000000        0x0 /home/jdeng/tool/risc_v_tool_chain/bin/../lib/gcc/riscv64-unknown-elf/13.1.1/../../../../riscv64-unknown-elf/lib/rv32imc/ilp32/libc.a(libc_a-strchr.o)
 .riscv.attributes
                0x00000000       0x2f /home/jdeng/tool/risc_v_tool_chain/bin/../lib/gcc/riscv64-unknown-elf/13.1.1/../../../../riscv64-unknown-elf/lib/rv32imc/ilp32/libc.a(libc_a-strchr.o)
 .text          0x00000000        0x0 /home/jdeng/tool/risc_v_tool_chain/bin/../lib/gcc/riscv64-unknown-elf/13.1.1/../../../../riscv64-unknown-elf/lib/rv32imc/ilp32/libc.a(libc_a-strnlen.o)
 .data          0x00000000        0x0 /home/jdeng/tool/risc_v_tool_chain/bin/../lib/gcc/riscv64-unknown-elf/13.1.1/../../../../riscv64-unknown-elf/lib/rv32imc/ilp32/libc.a(libc_a-strnlen.o)
 .bss           0x00000000        0x0 /home/jdeng/tool/risc_v_tool_chain/bin/../lib/gcc/riscv64-unknown-elf/13.1.1/../../../../riscv64-unknown-elf/lib/rv32imc/ilp32/libc.a(libc_a-strnlen.o)
 .text.strnlen  0x00000000       0x26 /home/jdeng/tool/risc_v_tool_chain/bin/../lib/gcc/riscv64-unknown-elf/13.1.1/../../../../riscv64-unknown-elf/lib/rv32imc/ilp32/libc.a(libc_a-strnlen.o)
 .comment       0x00000000       0x1c /home/jdeng/tool/risc_v_tool_chain/bin/../lib/gcc/riscv64-unknown-elf/13.1.1/../../../../riscv64-unknown-elf/lib/rv32imc/ilp32/libc.a(libc_a-strnlen.o)
 .note.GNU-stack
                0x00000000        0x0 /home/jdeng/tool/risc_v_tool_chain/bin/../lib/gcc/riscv64-unknown-elf/13.1.1/../../../../riscv64-unknown-elf/lib/rv32imc/ilp32/libc.a(libc_a-strnlen.o)
 .riscv.attributes
                0x00000000       0x2f /home/jdeng/tool/risc_v_tool_chain/bin/../lib/gcc/riscv64-unknown-elf/13.1.1/../../../../riscv64-unknown-elf/lib/rv32imc/ilp32/libc.a(libc_a-strnlen.o)

内存配置

名称           来源             长度             属性
ROM              0x00000000         0x00032000         xr
ICCM             0x40000000         0x00020000         xr
DCCM             0x50010000         0x00020000         rw
*default*        0x00000000         0xffffffff

链结器命令稿和内存映射

LOAD /home/jdeng/tool/risc_v_tool_chain/bin/../lib/gcc/riscv64-unknown-elf/13.1.1/rv32imc/ilp32/libgcc.a
LOAD /home/jdeng/work/caliptra-sw1-C/rom/dev/caliptraRomC-2nd/build/caliptra_isr.o
LOAD /home/jdeng/work/caliptra-sw1-C/rom/dev/caliptraRomC-2nd/build/datavault.o
LOAD /home/jdeng/work/caliptra-sw1-C/rom/dev/caliptraRomC-2nd/build/ecc.o
LOAD /home/jdeng/work/caliptra-sw1-C/rom/dev/caliptraRomC-2nd/build/ecdsa-p384.o
LOAD /home/jdeng/work/caliptra-sw1-C/rom/dev/caliptraRomC-2nd/build/hmac.o
LOAD /home/jdeng/work/caliptra-sw1-C/rom/dev/caliptraRomC-2nd/build/keyvault.o
LOAD /home/jdeng/work/caliptra-sw1-C/rom/dev/caliptraRomC-2nd/build/mailbox.o
LOAD /home/jdeng/work/caliptra-sw1-C/rom/dev/caliptraRomC-2nd/build/printf.o
LOAD /home/jdeng/work/caliptra-sw1-C/rom/dev/caliptraRomC-2nd/build/qspi.o
LOAD /home/jdeng/work/caliptra-sw1-C/rom/dev/caliptraRomC-2nd/build/sha256.o
LOAD /home/jdeng/work/caliptra-sw1-C/rom/dev/caliptraRomC-2nd/build/sha384.o
LOAD /home/jdeng/work/caliptra-sw1-C/rom/dev/caliptraRomC-2nd/build/sha512.o
LOAD /home/jdeng/work/caliptra-sw1-C/rom/dev/caliptraRomC-2nd/build/sm3.o
LOAD /home/jdeng/work/caliptra-sw1-C/rom/dev/caliptraRomC-2nd/build/soc_ifc.o
LOAD /home/jdeng/work/caliptra-sw1-C/rom/dev/caliptraRomC-2nd/build/trng.o
LOAD /home/jdeng/work/caliptra-sw1-C/rom/dev/caliptraRomC-2nd/build/uart.o
LOAD /home/jdeng/work/caliptra-sw1-C/rom/dev/caliptraRomC-2nd/build/x509.o
LOAD /home/jdeng/work/caliptra-sw1-C/rom/dev/caliptraRomC-2nd/bootrom/src/main.o
LOAD /home/jdeng/work/caliptra-sw1-C/rom/dev/caliptraRomC-2nd/bootrom/src/start.o
LOAD /home/jdeng/tool/risc_v_tool_chain/bin/../lib/gcc/riscv64-unknown-elf/13.1.1/rv32imc/ilp32/libgcc.a
START GROUP
LOAD /home/jdeng/tool/risc_v_tool_chain/bin/../lib/gcc/riscv64-unknown-elf/13.1.1/../../../../riscv64-unknown-elf/lib/rv32imc/ilp32/libc.a
LOAD /home/jdeng/tool/risc_v_tool_chain/bin/../lib/gcc/riscv64-unknown-elf/13.1.1/../../../../riscv64-unknown-elf/lib/rv32imc/ilp32/libgloss.a
END GROUP
LOAD /home/jdeng/tool/risc_v_tool_chain/bin/../lib/gcc/riscv64-unknown-elf/13.1.1/rv32imc/ilp32/libgcc.a
                0x00000000                        . = 0x0

.text.init      0x00000000      0x166
 *(.text.init)
 .text.init     0x00000000      0x166 /home/jdeng/work/caliptra-sw1-C/rom/dev/caliptraRomC-2nd/bootrom/src/start.o
                0x00000000                _start
                0x0000008a                _finish

.text           0x00000168     0x36a4
 *(.text*)
 .text.getRandomNumber
                0x00000168       0x52 /home/jdeng/work/caliptra-sw1-C/rom/dev/caliptraRomC-2nd/build/ecdsa-p384.o
 .text.vli_clear
                0x000001ba        0xa /home/jdeng/work/caliptra-sw1-C/rom/dev/caliptraRomC-2nd/build/ecdsa-p384.o
 .text.vli_isZero
                0x000001c4       0x1a /home/jdeng/work/caliptra-sw1-C/rom/dev/caliptraRomC-2nd/build/ecdsa-p384.o
 .text.vli_testBit
                0x000001de       0x2c /home/jdeng/work/caliptra-sw1-C/rom/dev/caliptraRomC-2nd/build/ecdsa-p384.o
 .text.vli_numBits
                0x0000020a       0x44 /home/jdeng/work/caliptra-sw1-C/rom/dev/caliptraRomC-2nd/build/ecdsa-p384.o
 .text.vli_set  0x0000024e       0x26 /home/jdeng/work/caliptra-sw1-C/rom/dev/caliptraRomC-2nd/build/ecdsa-p384.o
 .text.vli_cmp  0x00000274       0x42 /home/jdeng/work/caliptra-sw1-C/rom/dev/caliptraRomC-2nd/build/ecdsa-p384.o
 .text.vli_rshift1
                0x000002b6       0x32 /home/jdeng/work/caliptra-sw1-C/rom/dev/caliptraRomC-2nd/build/ecdsa-p384.o
 .text.vli_add  0x000002e8       0x68 /home/jdeng/work/caliptra-sw1-C/rom/dev/caliptraRomC-2nd/build/ecdsa-p384.o
 .text.vli_sub  0x00000350       0x74 /home/jdeng/work/caliptra-sw1-C/rom/dev/caliptraRomC-2nd/build/ecdsa-p384.o
 .text.vli_mult
                0x000003c4      0x136 /home/jdeng/work/caliptra-sw1-C/rom/dev/caliptraRomC-2nd/build/ecdsa-p384.o
 .text.vli_modAdd
                0x000004fa       0x36 /home/jdeng/work/caliptra-sw1-C/rom/dev/caliptraRomC-2nd/build/ecdsa-p384.o
 .text.vli_mmod_fast
                0x00000530      0x156 /home/jdeng/work/caliptra-sw1-C/rom/dev/caliptraRomC-2nd/build/ecdsa-p384.o
 .text.vli_modMult_fast
                0x00000686       0x1a /home/jdeng/work/caliptra-sw1-C/rom/dev/caliptraRomC-2nd/build/ecdsa-p384.o
 .text.EccPoint_isZero
                0x000006a0       0x1e /home/jdeng/work/caliptra-sw1-C/rom/dev/caliptraRomC-2nd/build/ecdsa-p384.o
 .text.ecc_bytes2native
                0x000006be       0x4e /home/jdeng/work/caliptra-sw1-C/rom/dev/caliptraRomC-2nd/build/ecdsa-p384.o
 .text.vli_modInv
                0x0000070c      0x124 /home/jdeng/work/caliptra-sw1-C/rom/dev/caliptraRomC-2nd/build/ecdsa-p384.o
 .text.vli_modSub.constprop.0
                0x00000830       0x2a /home/jdeng/work/caliptra-sw1-C/rom/dev/caliptraRomC-2nd/build/ecdsa-p384.o
 .text.vli_modSquare_fast
                0x0000085a      0x164 /home/jdeng/work/caliptra-sw1-C/rom/dev/caliptraRomC-2nd/build/ecdsa-p384.o
 .text.EccPoint_double_jacobian
                0x000009be      0x102 /home/jdeng/work/caliptra-sw1-C/rom/dev/caliptraRomC-2nd/build/ecdsa-p384.o
 .text.apply_z  0x00000ac0       0x3a /home/jdeng/work/caliptra-sw1-C/rom/dev/caliptraRomC-2nd/build/ecdsa-p384.o
 .text.XYcZ_add
                0x00000afa       0x8e /home/jdeng/work/caliptra-sw1-C/rom/dev/caliptraRomC-2nd/build/ecdsa-p384.o
 .text.XYcZ_addC
                0x00000b88       0xd2 /home/jdeng/work/caliptra-sw1-C/rom/dev/caliptraRomC-2nd/build/ecdsa-p384.o
 .text.EccPoint_mult
                0x00000c5a      0x1a6 /home/jdeng/work/caliptra-sw1-C/rom/dev/caliptraRomC-2nd/build/ecdsa-p384.o
 .text.vli_modMult.constprop.0
                0x00000e00      0x19e /home/jdeng/work/caliptra-sw1-C/rom/dev/caliptraRomC-2nd/build/ecdsa-p384.o
 .text.ecc_native2bytes
                0x00000f9e       0x4c /home/jdeng/work/caliptra-sw1-C/rom/dev/caliptraRomC-2nd/build/ecdsa-p384.o
                0x00000f9e                ecc_native2bytes
 .text.ecc_point_decompress
                0x00000fea      0x110 /home/jdeng/work/caliptra-sw1-C/rom/dev/caliptraRomC-2nd/build/ecdsa-p384.o
                0x00000fea                ecc_point_decompress
 .text.ecc_make_key
                0x000010fa       0x98 /home/jdeng/work/caliptra-sw1-C/rom/dev/caliptraRomC-2nd/build/ecdsa-p384.o
                0x000010fa                ecc_make_key
 .text.ecdsa_sign
                0x00001192       0xfc /home/jdeng/work/caliptra-sw1-C/rom/dev/caliptraRomC-2nd/build/ecdsa-p384.o
                0x00001192                ecdsa_sign
 .text.ecdsa_verify
                0x0000128e      0x264 /home/jdeng/work/caliptra-sw1-C/rom/dev/caliptraRomC-2nd/build/ecdsa-p384.o
                0x0000128e                ecdsa_verify
 .text.mailbox_send_data
                0x000014f2      0x12e /home/jdeng/work/caliptra-sw1-C/rom/dev/caliptraRomC-2nd/build/mailbox.o
                0x000014f2                mailbox_send_data
 .text.whisperPutc
                0x00001620       0x24 /home/jdeng/work/caliptra-sw1-C/rom/dev/caliptraRomC-2nd/build/printf.o
 .text.whisperPuts
                0x00001644       0x22 /home/jdeng/work/caliptra-sw1-C/rom/dev/caliptraRomC-2nd/build/printf.o
 .text.whisperPrintUnsigned
                0x00001666       0x78 /home/jdeng/work/caliptra-sw1-C/rom/dev/caliptraRomC-2nd/build/printf.o
 .text.whisperPrintDecimal
                0x000016de       0x98 /home/jdeng/work/caliptra-sw1-C/rom/dev/caliptraRomC-2nd/build/printf.o
 .text.whisperPrintInt
                0x00001776       0x9c /home/jdeng/work/caliptra-sw1-C/rom/dev/caliptraRomC-2nd/build/printf.o
 .text.whisperPrintfImpl
                0x00001812      0x168 /home/jdeng/work/caliptra-sw1-C/rom/dev/caliptraRomC-2nd/build/printf.o
                0x00001812                whisperPrintfImpl
 .text.putchar  0x0000197a        0x8 /home/jdeng/work/caliptra-sw1-C/rom/dev/caliptraRomC-2nd/build/printf.o
                0x0000197a                putchar
 .text.puts     0x00001982        0x4 /home/jdeng/work/caliptra-sw1-C/rom/dev/caliptraRomC-2nd/build/printf.o
                0x00001982                puts
 .text.printf   0x00001986       0x1e /home/jdeng/work/caliptra-sw1-C/rom/dev/caliptraRomC-2nd/build/printf.o
                0x00001986                printf
 .text.sha384_core
                0x000019a4      0x468 /home/jdeng/work/caliptra-sw1-C/rom/dev/caliptraRomC-2nd/build/sha384.o
                0x000019a4                sha384_core
 .text.sha384_digest
                0x00001e0c      0x224 /home/jdeng/work/caliptra-sw1-C/rom/dev/caliptraRomC-2nd/build/sha384.o
                0x00001e0c                sha384_digest
 .text.soc_ifc_set_flow_status_field
                0x00002030       0x46 /home/jdeng/work/caliptra-sw1-C/rom/dev/caliptraRomC-2nd/build/soc_ifc.o
                0x00002030                soc_ifc_set_flow_status_field
 .text.soc_ifc_read_mbox_cmd
                0x00002076        0xe /home/jdeng/work/caliptra-sw1-C/rom/dev/caliptraRomC-2nd/build/soc_ifc.o
                0x00002076                soc_ifc_read_mbox_cmd
 .text.end_sim_if_itrng_disabled
                0x00002084       0x10 /home/jdeng/work/caliptra-sw1-C/rom/dev/caliptraRomC-2nd/build/trng.o
                0x00002084                end_sim_if_itrng_disabled
 .text.enable_csrng
                0x00002094       0x66 /home/jdeng/work/caliptra-sw1-C/rom/dev/caliptraRomC-2nd/build/trng.o
                0x00002094                enable_csrng
 .text.generate_random_numbers
                0x000020fa       0x8c /home/jdeng/work/caliptra-sw1-C/rom/dev/caliptraRomC-2nd/build/trng.o
                0x000020fa                generate_random_numbers
 .text.uart_tx  0x00002186       0x1c /home/jdeng/work/caliptra-sw1-C/rom/dev/caliptraRomC-2nd/build/uart.o
                0x00002186                uart_tx
 .text.enable_uart
                0x000021a2       0x16 /home/jdeng/work/caliptra-sw1-C/rom/dev/caliptraRomC-2nd/build/uart.o
                0x000021a2                enable_uart
 .text.end_sim_if_uart_disabled
                0x000021b8       0x10 /home/jdeng/work/caliptra-sw1-C/rom/dev/caliptraRomC-2nd/build/uart.o
                0x000021b8                end_sim_if_uart_disabled
 .text.init_uart
                0x000021c8        0xc /home/jdeng/work/caliptra-sw1-C/rom/dev/caliptraRomC-2nd/build/uart.o
                0x000021c8                init_uart
 .text.asn1_write_tag
                0x000021d4       0x6e /home/jdeng/work/caliptra-sw1-C/rom/dev/caliptraRomC-2nd/build/x509.o
 .text.encode_dn
                0x00002242       0x9e /home/jdeng/work/caliptra-sw1-C/rom/dev/caliptraRomC-2nd/build/x509.o
 .text.build_x509_extension.constprop.0
                0x000022e0       0x58 /home/jdeng/work/caliptra-sw1-C/rom/dev/caliptraRomC-2nd/build/x509.o
 .text.convert_le32_to_be_bytes
                0x00002338       0x32 /home/jdeng/work/caliptra-sw1-C/rom/dev/caliptraRomC-2nd/build/x509.o
                0x00002338                convert_le32_to_be_bytes
 .text.generate_intermediate_tbs_der
                0x0000236a      0x34e /home/jdeng/work/caliptra-sw1-C/rom/dev/caliptraRomC-2nd/build/x509.o
                0x0000236a                generate_intermediate_tbs_der
 .text.add_signature_to_cert
                0x000026b8      0x1a4 /home/jdeng/work/caliptra-sw1-C/rom/dev/caliptraRomC-2nd/build/x509.o
                0x000026b8                add_signature_to_cert
 .text.verify_cert
                0x0000285c      0x37a /home/jdeng/work/caliptra-sw1-C/rom/dev/caliptraRomC-2nd/build/x509.o
                0x0000285c                verify_cert
 .text.generate_2nd_cert.part.0
                0x00002bd6      0x1da /home/jdeng/work/caliptra-sw1-C/rom/dev/caliptraRomC-2nd/bootrom/src/main.o
 .text.generate_2nd_cert
                0x00002db0       0x30 /home/jdeng/work/caliptra-sw1-C/rom/dev/caliptraRomC-2nd/bootrom/src/main.o
                0x00002db0                generate_2nd_cert
 .text.sign_1st_cert
                0x00002de0      0x188 /home/jdeng/work/caliptra-sw1-C/rom/dev/caliptraRomC-2nd/bootrom/src/main.o
                0x00002de0                sign_1st_cert
 .text.startup.main
                0x00002f68      0x50a /home/jdeng/work/caliptra-sw1-C/rom/dev/caliptraRomC-2nd/bootrom/src/main.o
                0x00002f68                main
 *fill*         0x00003472        0x2 
 .text.metal.init.trapvec
                0x00003474       0x32 /home/jdeng/work/caliptra-sw1-C/rom/dev/caliptraRomC-2nd/bootrom/src/start.o
                0x00003474                early_trap_vector
 .text          0x000034a6       0x28 /home/jdeng/tool/risc_v_tool_chain/bin/../lib/gcc/riscv64-unknown-elf/13.1.1/rv32imc/ilp32/libgcc.a(_lshrdi3.o)
                0x000034a6                __lshrdi3
 .text          0x000034ce       0x28 /home/jdeng/tool/risc_v_tool_chain/bin/../lib/gcc/riscv64-unknown-elf/13.1.1/rv32imc/ilp32/libgcc.a(_ashldi3.o)
                0x000034ce                __ashldi3
 .text.memcmp   0x000034f6       0x52 /home/jdeng/tool/risc_v_tool_chain/bin/../lib/gcc/riscv64-unknown-elf/13.1.1/../../../../riscv64-unknown-elf/lib/rv32imc/ilp32/libc.a(libc_a-memcmp.o)
                0x000034f6                memcmp
 .text.memmove  0x00003548       0xcc /home/jdeng/tool/risc_v_tool_chain/bin/../lib/gcc/riscv64-unknown-elf/13.1.1/../../../../riscv64-unknown-elf/lib/rv32imc/ilp32/libc.a(libc_a-memmove-stub.o)
                0x00003548                memmove
 .text          0x00003614       0xa8 /home/jdeng/tool/risc_v_tool_chain/bin/../lib/gcc/riscv64-unknown-elf/13.1.1/../../../../riscv64-unknown-elf/lib/rv32imc/ilp32/libc.a(libc_a-memset.o)
                0x00003614                memset
 .text.memcpy   0x000036bc       0xec /home/jdeng/tool/risc_v_tool_chain/bin/../lib/gcc/riscv64-unknown-elf/13.1.1/../../../../riscv64-unknown-elf/lib/rv32imc/ilp32/libc.a(libc_a-memcpy.o)
                0x000036bc                memcpy
 .text.strlen   0x000037a8       0x64 /home/jdeng/tool/risc_v_tool_chain/bin/../lib/gcc/riscv64-unknown-elf/13.1.1/../../../../riscv64-unknown-elf/lib/rv32imc/ilp32/libc.a(libc_a-strlen.o)
                0x000037a8                strlen

.rela.dyn       0x0000380c        0x0
 .rela.text.init
                0x0000380c        0x0 /home/jdeng/work/caliptra-sw1-C/rom/dev/caliptraRomC-2nd/build/ecdsa-p384.o

.eh_frame
 *(.eh_frame)
                0x0000380c                        _data_lma_start = ALIGN (0x4)
                0x50010000                        _data_vma_start = 0x50010000

.data           0x50010000      0xbb8 加载地址 0x0000380c
 *(.data .data.*)
 .data.curve_n  0x50010000       0x30 /home/jdeng/work/caliptra-sw1-C/rom/dev/caliptraRomC-2nd/build/ecdsa-p384.o
 .data.curve_G  0x50010030       0x60 /home/jdeng/work/caliptra-sw1-C/rom/dev/caliptraRomC-2nd/build/ecdsa-p384.o
 .data.curve_b  0x50010090       0x30 /home/jdeng/work/caliptra-sw1-C/rom/dev/caliptraRomC-2nd/build/ecdsa-p384.o
 .data.curve_p  0x500100c0       0x30 /home/jdeng/work/caliptra-sw1-C/rom/dev/caliptraRomC-2nd/build/ecdsa-p384.o
 .data          0x500100f0       0x7c /home/jdeng/work/caliptra-sw1-C/rom/dev/caliptraRomC-2nd/bootrom/src/start.o
 *(.sdata .sdata.*)
 *fill*         0x5001016c        0x4 0000
 .sdata.bare_rng_seed
                0x50010170        0x8 /home/jdeng/work/caliptra-sw1-C/rom/dev/caliptraRomC-2nd/build/ecdsa-p384.o
 .sdata.cert_len
                0x50010178        0x4 /home/jdeng/work/caliptra-sw1-C/rom/dev/caliptraRomC-2nd/bootrom/src/main.o
 .sdata.tbs_len
                0x5001017c        0x4 /home/jdeng/work/caliptra-sw1-C/rom/dev/caliptraRomC-2nd/bootrom/src/main.o
 *(.rodata .rodata.*)
 .rodata.mailbox_send_data.str1.4
                0x50010180      0x12a /home/jdeng/work/caliptra-sw1-C/rom/dev/caliptraRomC-2nd/build/mailbox.o
 *fill*         0x500102aa        0x2 0000
 .rodata.sha384_digest.str1.4
                0x500102ac       0xcf /home/jdeng/work/caliptra-sw1-C/rom/dev/caliptraRomC-2nd/build/sha384.o
 *fill*         0x5001037b        0x5 0000
 .rodata.k      0x50010380      0x280 /home/jdeng/work/caliptra-sw1-C/rom/dev/caliptraRomC-2nd/build/sha384.o
 .rodata.soc_ifc_set_flow_status_field.str1.4
                0x50010600       0x28 /home/jdeng/work/caliptra-sw1-C/rom/dev/caliptraRomC-2nd/build/soc_ifc.o
 .rodata.generate_intermediate_tbs_der.str1.4
                0x50010628       0x40 /home/jdeng/work/caliptra-sw1-C/rom/dev/caliptraRomC-2nd/build/x509.o
 .rodata.verify_cert.str1.4
                0x50010668      0x211 /home/jdeng/work/caliptra-sw1-C/rom/dev/caliptraRomC-2nd/build/x509.o
 *fill*         0x50010879        0x3 0000
 .rodata        0x5001087c        0x5 /home/jdeng/work/caliptra-sw1-C/rom/dev/caliptraRomC-2nd/build/x509.o
 *fill*         0x50010881        0x3 0000
 .rodata.generate_2nd_cert.part.0.str1.4
                0x50010884       0x7d /home/jdeng/work/caliptra-sw1-C/rom/dev/caliptraRomC-2nd/bootrom/src/main.o
                                 0x81 (松开之前的大小)
 *fill*         0x50010901        0x3 0000
 .rodata.generate_2nd_cert.str1.4
                0x50010904       0x15 /home/jdeng/work/caliptra-sw1-C/rom/dev/caliptraRomC-2nd/bootrom/src/main.o
 *fill*         0x50010919        0x3 0000
 .rodata.sign_1st_cert.str1.4
                0x5001091c       0x97 /home/jdeng/work/caliptra-sw1-C/rom/dev/caliptraRomC-2nd/bootrom/src/main.o
                                 0x9f (松开之前的大小)
 *fill*         0x500109b3        0x1 0000
 .rodata.main.str1.4
                0x500109b4      0x192 /home/jdeng/work/caliptra-sw1-C/rom/dev/caliptraRomC-2nd/bootrom/src/main.o
                                0x1ce (松开之前的大小)
 *fill*         0x50010b46        0x2 0000
 .rodata.main   0x50010b48       0x2c /home/jdeng/work/caliptra-sw1-C/rom/dev/caliptraRomC-2nd/bootrom/src/main.o
 *(.srodata .srodata.*)
 *fill*         0x50010b74        0x4 0000
 .srodata.cst8  0x50010b78       0x40 /home/jdeng/work/caliptra-sw1-C/rom/dev/caliptraRomC-2nd/build/sha384.o
                0x50010bb8                        . = ALIGN (0x4)
                0x000043c4                        _data_lma_end = (_data_lma_start + SIZEOF (.data))
                0x50010bb8                        _data_vma_end = (_data_vma_start + SIZEOF (.data))
                0x50010bb8                        _bss_vma_start = _data_vma_end

.bss            0x50010bb8     0x20e4 加载地址 0x000043c4
 *(.sbss .sbss.*)
 *(.bss .bss.*)
 .bss.signature
                0x50010bb8       0x60 /home/jdeng/work/caliptra-sw1-C/rom/dev/caliptraRomC-2nd/bootrom/src/main.o
 .bss.private_key
                0x50010c18       0x30 /home/jdeng/work/caliptra-sw1-C/rom/dev/caliptraRomC-2nd/bootrom/src/main.o
 .bss.public_key
                0x50010c48       0x31 /home/jdeng/work/caliptra-sw1-C/rom/dev/caliptraRomC-2nd/bootrom/src/main.o
 *fill*         0x50010c79        0x3 0000
 .bss.cert_der  0x50010c7c     0x1000 /home/jdeng/work/caliptra-sw1-C/rom/dev/caliptraRomC-2nd/bootrom/src/main.o
 .bss.tbs_der   0x50011c7c      0x800 /home/jdeng/work/caliptra-sw1-C/rom/dev/caliptraRomC-2nd/bootrom/src/main.o
 .bss.cert_store
                0x5001247c      0x820 /home/jdeng/work/caliptra-sw1-C/rom/dev/caliptraRomC-2nd/bootrom/src/main.o
                0x5001247c                cert_store
                0x50012c9c                        . = ALIGN (0x4)
                0x50012c9c                        _bss_vma_end = (_bss_vma_start + SIZEOF (.bss))
                0x50010bb8                        _bss_lma_start = _bss_vma_start
                0x50012c9c                        _bss_lma_end = _bss_vma_end
                0x000043c4                        _end = _data_lma_end
                0x00000001                        ASSERT ((_end < 0x32000), ERROR: ROM size exceeds 200KiB)
                0x50012c9c                        . = _bss_vma_end
                0x50012c9c                        _dccm_lma_start = _bss_vma_end
                0x50012c9c                        _dccm_vma_start = _bss_vma_end

.dccm           0x50012c9c        0x0
 *(.dccm*)
                0x50012c9c                        . = ALIGN (0x4)
                0x50012c9c                        iccm_code0_start = .

.data_iccm0     0x40000000        0x0 加载地址 0x50012c9c
 *(.data_iccm0)
                0x40000000                        . = ALIGN (0x4)
                0x50012c9c                        iccm_code0_end = (iccm_code0_start + SIZEOF (.data_iccm0))
                0x50012c9c                        iccm_code1_start = ALIGN (iccm_code0_end, 0x4)

.data_iccm1     0x40000000        0x0 加载地址 0x50012c9c
 *(.data_iccm1)
                0x40000000                        . = ALIGN (0x4)
                0x50012c9c                        iccm_code1_end = (iccm_code1_start + SIZEOF (.data_iccm1))
                0x50012c9c                        iccm_code2_start = ALIGN (iccm_code1_end, 0x4)

.data_iccm2     0x40000000        0x0 加载地址 0x50012c9c
 *(.data_iccm2)
                0x40000000                        . = ALIGN (0x4)
                0x50012c9c                        iccm_code2_end = (iccm_code2_start + SIZEOF (.data_iccm2))
                0x5001e000                        _cert_store_start = 0x5001e000
                0x5001e800                        _cert_store_end = 0x5001e800
                0x5001e820                        _tbs_der_store_start = 0x5001e820
                0x5001f020                        _tbs_der_store_end = 0x5001f020

.cert_store     0x5001e000        0x0
 *(.cert_store)
                0x5001e000                        . = ALIGN (0x4)

.tbs_der_store  0x5001e820        0x0
 *(.tbs_der_store)
                0x5001e820                        . = ALIGN (0x4)
                0x50012ca0                        . = ALIGN (iccm_code2_end, 0x10)
                0x50016ca0                        STACK = (ALIGN (0x10) + 0x4000)
                0x00000001                        ASSERT ((STACK < 0x50030000), ERROR: Stack overflows the DCCM -- note: lower half of DCCM is allocated in the validation image for remote firmware images)
OUTPUT(/home/jdeng/work/caliptra-sw1-C/rom/dev/caliptraRomC-2nd/output/caliptraROMC.elf elf32-littleriscv)

.comment        0x00000000       0x33
 .comment       0x00000000       0x18 /home/jdeng/work/caliptra-sw1-C/rom/dev/caliptraRomC-2nd/build/ecdsa-p384.o
                                 0x19 (松开之前的大小)
 .comment       0x00000018       0x19 /home/jdeng/work/caliptra-sw1-C/rom/dev/caliptraRomC-2nd/build/mailbox.o
 .comment       0x00000018       0x19 /home/jdeng/work/caliptra-sw1-C/rom/dev/caliptraRomC-2nd/build/printf.o
 .comment       0x00000018       0x19 /home/jdeng/work/caliptra-sw1-C/rom/dev/caliptraRomC-2nd/build/sha384.o
 .comment       0x00000018       0x19 /home/jdeng/work/caliptra-sw1-C/rom/dev/caliptraRomC-2nd/build/soc_ifc.o
 .comment       0x00000018       0x19 /home/jdeng/work/caliptra-sw1-C/rom/dev/caliptraRomC-2nd/build/trng.o
 .comment       0x00000018       0x19 /home/jdeng/work/caliptra-sw1-C/rom/dev/caliptraRomC-2nd/build/uart.o
 .comment       0x00000018       0x19 /home/jdeng/work/caliptra-sw1-C/rom/dev/caliptraRomC-2nd/build/x509.o
 .comment       0x00000018       0x19 /home/jdeng/work/caliptra-sw1-C/rom/dev/caliptraRomC-2nd/bootrom/src/main.o
 .comment       0x00000018       0x19 /home/jdeng/tool/risc_v_tool_chain/bin/../lib/gcc/riscv64-unknown-elf/13.1.1/rv32imc/ilp32/libgcc.a(_lshrdi3.o)
 .comment       0x00000018       0x19 /home/jdeng/tool/risc_v_tool_chain/bin/../lib/gcc/riscv64-unknown-elf/13.1.1/rv32imc/ilp32/libgcc.a(_ashldi3.o)
 .comment       0x00000018       0x1b /home/jdeng/tool/risc_v_tool_chain/bin/../lib/gcc/riscv64-unknown-elf/13.1.1/../../../../riscv64-unknown-elf/lib/rv32imc/ilp32/libc.a(libc_a-memcmp.o)
                                 0x1c (松开之前的大小)
 .comment       0x00000033       0x1c /home/jdeng/tool/risc_v_tool_chain/bin/../lib/gcc/riscv64-unknown-elf/13.1.1/../../../../riscv64-unknown-elf/lib/rv32imc/ilp32/libc.a(libc_a-memmove-stub.o)
 .comment       0x00000033       0x1c /home/jdeng/tool/risc_v_tool_chain/bin/../lib/gcc/riscv64-unknown-elf/13.1.1/../../../../riscv64-unknown-elf/lib/rv32imc/ilp32/libc.a(libc_a-memcpy.o)
 .comment       0x00000033       0x1c /home/jdeng/tool/risc_v_tool_chain/bin/../lib/gcc/riscv64-unknown-elf/13.1.1/../../../../riscv64-unknown-elf/lib/rv32imc/ilp32/libc.a(libc_a-strlen.o)

.note.GNU-stack
                0x00000000        0x0
 .note.GNU-stack
                0x00000000        0x0 /home/jdeng/work/caliptra-sw1-C/rom/dev/caliptraRomC-2nd/build/ecdsa-p384.o
 .note.GNU-stack
                0x00000000        0x0 /home/jdeng/work/caliptra-sw1-C/rom/dev/caliptraRomC-2nd/build/mailbox.o
 .note.GNU-stack
                0x00000000        0x0 /home/jdeng/work/caliptra-sw1-C/rom/dev/caliptraRomC-2nd/build/printf.o
 .note.GNU-stack
                0x00000000        0x0 /home/jdeng/work/caliptra-sw1-C/rom/dev/caliptraRomC-2nd/build/sha384.o
 .note.GNU-stack
                0x00000000        0x0 /home/jdeng/work/caliptra-sw1-C/rom/dev/caliptraRomC-2nd/build/soc_ifc.o
 .note.GNU-stack
                0x00000000        0x0 /home/jdeng/work/caliptra-sw1-C/rom/dev/caliptraRomC-2nd/build/trng.o
 .note.GNU-stack
                0x00000000        0x0 /home/jdeng/work/caliptra-sw1-C/rom/dev/caliptraRomC-2nd/build/uart.o
 .note.GNU-stack
                0x00000000        0x0 /home/jdeng/work/caliptra-sw1-C/rom/dev/caliptraRomC-2nd/build/x509.o
 .note.GNU-stack
                0x00000000        0x0 /home/jdeng/work/caliptra-sw1-C/rom/dev/caliptraRomC-2nd/bootrom/src/main.o
 .note.GNU-stack
                0x00000000        0x0 /home/jdeng/tool/risc_v_tool_chain/bin/../lib/gcc/riscv64-unknown-elf/13.1.1/rv32imc/ilp32/libgcc.a(_lshrdi3.o)
 .note.GNU-stack
                0x00000000        0x0 /home/jdeng/tool/risc_v_tool_chain/bin/../lib/gcc/riscv64-unknown-elf/13.1.1/rv32imc/ilp32/libgcc.a(_ashldi3.o)
 .note.GNU-stack
                0x00000000        0x0 /home/jdeng/tool/risc_v_tool_chain/bin/../lib/gcc/riscv64-unknown-elf/13.1.1/../../../../riscv64-unknown-elf/lib/rv32imc/ilp32/libc.a(libc_a-memcmp.o)
 .note.GNU-stack
                0x00000000        0x0 /home/jdeng/tool/risc_v_tool_chain/bin/../lib/gcc/riscv64-unknown-elf/13.1.1/../../../../riscv64-unknown-elf/lib/rv32imc/ilp32/libc.a(libc_a-memmove-stub.o)
 .note.GNU-stack
                0x00000000        0x0 /home/jdeng/tool/risc_v_tool_chain/bin/../lib/gcc/riscv64-unknown-elf/13.1.1/../../../../riscv64-unknown-elf/lib/rv32imc/ilp32/libc.a(libc_a-memcpy.o)
 .note.GNU-stack
                0x00000000        0x0 /home/jdeng/tool/risc_v_tool_chain/bin/../lib/gcc/riscv64-unknown-elf/13.1.1/../../../../riscv64-unknown-elf/lib/rv32imc/ilp32/libc.a(libc_a-strlen.o)

.riscv.attributes
                0x00000000       0x33
 .riscv.attributes
                0x00000000       0x2f /home/jdeng/work/caliptra-sw1-C/rom/dev/caliptraRomC-2nd/build/ecdsa-p384.o
 .riscv.attributes
                0x0000002f       0x2f /home/jdeng/work/caliptra-sw1-C/rom/dev/caliptraRomC-2nd/build/mailbox.o
 .riscv.attributes
                0x0000005e       0x33 /home/jdeng/work/caliptra-sw1-C/rom/dev/caliptraRomC-2nd/build/printf.o
 .riscv.attributes
                0x00000091       0x2f /home/jdeng/work/caliptra-sw1-C/rom/dev/caliptraRomC-2nd/build/sha384.o
 .riscv.attributes
                0x000000c0       0x2f /home/jdeng/work/caliptra-sw1-C/rom/dev/caliptraRomC-2nd/build/soc_ifc.o
 .riscv.attributes
                0x000000ef       0x2f /home/jdeng/work/caliptra-sw1-C/rom/dev/caliptraRomC-2nd/build/trng.o
 .riscv.attributes
                0x0000011e       0x2f /home/jdeng/work/caliptra-sw1-C/rom/dev/caliptraRomC-2nd/build/uart.o
 .riscv.attributes
                0x0000014d       0x2f /home/jdeng/work/caliptra-sw1-C/rom/dev/caliptraRomC-2nd/build/x509.o
 .riscv.attributes
                0x0000017c       0x2f /home/jdeng/work/caliptra-sw1-C/rom/dev/caliptraRomC-2nd/bootrom/src/main.o
 .riscv.attributes
                0x000001ab       0x31 /home/jdeng/work/caliptra-sw1-C/rom/dev/caliptraRomC-2nd/bootrom/src/start.o
 .riscv.attributes
                0x000001dc       0x2f /home/jdeng/tool/risc_v_tool_chain/bin/../lib/gcc/riscv64-unknown-elf/13.1.1/rv32imc/ilp32/libgcc.a(_lshrdi3.o)
 .riscv.attributes
                0x0000020b       0x2f /home/jdeng/tool/risc_v_tool_chain/bin/../lib/gcc/riscv64-unknown-elf/13.1.1/rv32imc/ilp32/libgcc.a(_ashldi3.o)
 .riscv.attributes
                0x0000023a       0x2f /home/jdeng/tool/risc_v_tool_chain/bin/../lib/gcc/riscv64-unknown-elf/13.1.1/../../../../riscv64-unknown-elf/lib/rv32imc/ilp32/libc.a(libc_a-memcmp.o)
 .riscv.attributes
                0x00000269       0x2f /home/jdeng/tool/risc_v_tool_chain/bin/../lib/gcc/riscv64-unknown-elf/13.1.1/../../../../riscv64-unknown-elf/lib/rv32imc/ilp32/libc.a(libc_a-memmove-stub.o)
 .riscv.attributes
                0x00000298       0x2d /home/jdeng/tool/risc_v_tool_chain/bin/../lib/gcc/riscv64-unknown-elf/13.1.1/../../../../riscv64-unknown-elf/lib/rv32imc/ilp32/libc.a(libc_a-memset.o)
 .riscv.attributes
                0x000002c5       0x2f /home/jdeng/tool/risc_v_tool_chain/bin/../lib/gcc/riscv64-unknown-elf/13.1.1/../../../../riscv64-unknown-elf/lib/rv32imc/ilp32/libc.a(libc_a-memcpy.o)
 .riscv.attributes
                0x000002f4       0x2f /home/jdeng/tool/risc_v_tool_chain/bin/../lib/gcc/riscv64-unknown-elf/13.1.1/../../../../riscv64-unknown-elf/lib/rv32imc/ilp32/libc.a(libc_a-strlen.o)

.debug_info     0x00000000      0x36c
 .debug_info    0x00000000      0x1b6 /home/jdeng/tool/risc_v_tool_chain/bin/../lib/gcc/riscv64-unknown-elf/13.1.1/rv32imc/ilp32/libgcc.a(_lshrdi3.o)
 .debug_info    0x000001b6      0x1b6 /home/jdeng/tool/risc_v_tool_chain/bin/../lib/gcc/riscv64-unknown-elf/13.1.1/rv32imc/ilp32/libgcc.a(_ashldi3.o)

.debug_abbrev   0x00000000      0x218
 .debug_abbrev  0x00000000      0x10c /home/jdeng/tool/risc_v_tool_chain/bin/../lib/gcc/riscv64-unknown-elf/13.1.1/rv32imc/ilp32/libgcc.a(_lshrdi3.o)
 .debug_abbrev  0x0000010c      0x10c /home/jdeng/tool/risc_v_tool_chain/bin/../lib/gcc/riscv64-unknown-elf/13.1.1/rv32imc/ilp32/libgcc.a(_ashldi3.o)

.debug_loclists
                0x00000000      0x15a
 .debug_loclists
                0x00000000       0xad /home/jdeng/tool/risc_v_tool_chain/bin/../lib/gcc/riscv64-unknown-elf/13.1.1/rv32imc/ilp32/libgcc.a(_lshrdi3.o)
 .debug_loclists
                0x000000ad       0xad /home/jdeng/tool/risc_v_tool_chain/bin/../lib/gcc/riscv64-unknown-elf/13.1.1/rv32imc/ilp32/libgcc.a(_ashldi3.o)

.debug_aranges  0x00000000       0x40
 .debug_aranges
                0x00000000       0x20 /home/jdeng/tool/risc_v_tool_chain/bin/../lib/gcc/riscv64-unknown-elf/13.1.1/rv32imc/ilp32/libgcc.a(_lshrdi3.o)
 .debug_aranges
                0x00000020       0x20 /home/jdeng/tool/risc_v_tool_chain/bin/../lib/gcc/riscv64-unknown-elf/13.1.1/rv32imc/ilp32/libgcc.a(_ashldi3.o)

.debug_line     0x00000000      0x20e
 .debug_line    0x00000000      0x107 /home/jdeng/tool/risc_v_tool_chain/bin/../lib/gcc/riscv64-unknown-elf/13.1.1/rv32imc/ilp32/libgcc.a(_lshrdi3.o)
 .debug_line    0x00000107      0x107 /home/jdeng/tool/risc_v_tool_chain/bin/../lib/gcc/riscv64-unknown-elf/13.1.1/rv32imc/ilp32/libgcc.a(_ashldi3.o)

.debug_str      0x00000000      0x1a4
 .debug_str     0x00000000      0x19a /home/jdeng/tool/risc_v_tool_chain/bin/../lib/gcc/riscv64-unknown-elf/13.1.1/rv32imc/ilp32/libgcc.a(_lshrdi3.o)
                                0x1fc (松开之前的大小)
 .debug_str     0x0000019a        0xa /home/jdeng/tool/risc_v_tool_chain/bin/../lib/gcc/riscv64-unknown-elf/13.1.1/rv32imc/ilp32/libgcc.a(_ashldi3.o)
                                0x1fc (松开之前的大小)

.debug_line_str
                0x00000000       0xb2
 .debug_line_str
                0x00000000       0xb2 /home/jdeng/tool/risc_v_tool_chain/bin/../lib/gcc/riscv64-unknown-elf/13.1.1/rv32imc/ilp32/libgcc.a(_lshrdi3.o)
                                0x12c (松开之前的大小)
 .debug_line_str
                0x000000b2      0x12c /home/jdeng/tool/risc_v_tool_chain/bin/../lib/gcc/riscv64-unknown-elf/13.1.1/rv32imc/ilp32/libgcc.a(_ashldi3.o)

.debug_frame    0x00000000       0x40
 .debug_frame   0x00000000       0x20 /home/jdeng/tool/risc_v_tool_chain/bin/../lib/gcc/riscv64-unknown-elf/13.1.1/rv32imc/ilp32/libgcc.a(_lshrdi3.o)
 .debug_frame   0x00000020       0x20 /home/jdeng/tool/risc_v_tool_chain/bin/../lib/gcc/riscv64-unknown-elf/13.1.1/rv32imc/ilp32/libgcc.a(_ashldi3.o)
