Copyright 1986-2021 Xilinx, Inc. All Rights Reserved.
------------------------------------------------------------------------------------
| Tool Version : Vivado v.2021.1 (lin64) Build 3247384 Thu Jun 10 19:36:07 MDT 2021
| Date         : Mon Mar 17 18:49:38 2025
| Host         : secure-Precision-3660 running 64-bit Ubuntu 20.04.6 LTS
| Command      : report_utilization -file ./checkpoint/implementation_util.rpt
| Design       : mcu_top
| Device       : xcku060ffva1156-2
| Design State : Routed
------------------------------------------------------------------------------------

Utilization Design Information

Table of Contents
-----------------
1. CLB Logic
1.1 Summary of Registers by Type
2. CLB Logic Distribution
3. BLOCKRAM
4. ARITHMETIC
5. I/O
6. CLOCK
7. ADVANCED
8. CONFIGURATION
9. Primitives
10. Black Boxes
11. Instantiated Netlists

1. CLB Logic
------------

+-------------------------+-------+-------+------------+-----------+-------+
|        Site Type        |  Used | Fixed | Prohibited | Available | Util% |
+-------------------------+-------+-------+------------+-----------+-------+
| CLB LUTs                | 15207 |     0 |          0 |    331680 |  4.58 |
|   LUT as Logic          | 15207 |     0 |          0 |    331680 |  4.58 |
|   LUT as Memory         |     0 |     0 |          0 |    146880 |  0.00 |
| CLB Registers           |  6294 |     0 |          0 |    663360 |  0.95 |
|   Register as Flip Flop |  6294 |     0 |          0 |    663360 |  0.95 |
|   Register as Latch     |     0 |     0 |          0 |    663360 |  0.00 |
| CARRY8                  |   153 |     0 |          0 |     41460 |  0.37 |
| F7 Muxes                |   126 |     0 |          0 |    165840 |  0.08 |
| F8 Muxes                |    14 |     0 |          0 |     82920 |  0.02 |
| F9 Muxes                |     0 |     0 |          0 |     41460 |  0.00 |
+-------------------------+-------+-------+------------+-----------+-------+


1.1 Summary of Registers by Type
--------------------------------

+-------+--------------+-------------+--------------+
| Total | Clock Enable | Synchronous | Asynchronous |
+-------+--------------+-------------+--------------+
| 0     |            _ |           - |            - |
| 0     |            _ |           - |          Set |
| 0     |            _ |           - |        Reset |
| 0     |            _ |         Set |            - |
| 0     |            _ |       Reset |            - |
| 0     |          Yes |           - |            - |
| 136   |          Yes |           - |          Set |
| 3919  |          Yes |           - |        Reset |
| 0     |          Yes |         Set |            - |
| 2239  |          Yes |       Reset |            - |
+-------+--------------+-------------+--------------+


2. CLB Logic Distribution
-------------------------

+--------------------------------------------+-------+-------+------------+-----------+-------+
|                  Site Type                 |  Used | Fixed | Prohibited | Available | Util% |
+--------------------------------------------+-------+-------+------------+-----------+-------+
| CLB                                        |  2663 |     0 |          0 |     41460 |  6.42 |
|   CLBL                                     |  1409 |     0 |            |           |       |
|   CLBM                                     |  1254 |     0 |            |           |       |
| LUT as Logic                               | 15207 |     0 |          0 |    331680 |  4.58 |
|   using O5 output only                     |    60 |       |            |           |       |
|   using O6 output only                     | 12821 |       |            |           |       |
|   using O5 and O6                          |  2326 |       |            |           |       |
| LUT as Memory                              |     0 |     0 |          0 |    146880 |  0.00 |
|   LUT as Distributed RAM                   |     0 |     0 |            |           |       |
|   LUT as Shift Register                    |     0 |     0 |            |           |       |
| CLB Registers                              |  6294 |     0 |          0 |    663360 |  0.95 |
|   Register driven from within the CLB      |  2769 |       |            |           |       |
|   Register driven from outside the CLB     |  3525 |       |            |           |       |
|     LUT in front of the register is unused |  1206 |       |            |           |       |
|     LUT in front of the register is used   |  2319 |       |            |           |       |
| Unique Control Sets                        |   374 |       |          0 |     82920 |  0.45 |
+--------------------------------------------+-------+-------+------------+-----------+-------+
* * Note: Available Control Sets calculated as Slices * 2, Review the Control Sets Report for more information regarding control sets.


3. BLOCKRAM
-----------

+-------------------+------+-------+------------+-----------+-------+
|     Site Type     | Used | Fixed | Prohibited | Available | Util% |
+-------------------+------+-------+------------+-----------+-------+
| Block RAM Tile    |   64 |     0 |          0 |      1080 |  5.93 |
|   RAMB36/FIFO*    |   64 |     0 |          0 |      1080 |  5.93 |
|     RAMB36E2 only |   64 |       |            |           |       |
|   RAMB18          |    0 |     0 |          0 |      2160 |  0.00 |
+-------------------+------+-------+------------+-----------+-------+
* Note: Each Block RAM Tile only has one FIFO logic available and therefore can accommodate only one FIFO36E2 or one FIFO18E2. However, if a FIFO18E2 occupies a Block RAM Tile, that tile can still accommodate a RAMB18E2


4. ARITHMETIC
-------------

+----------------+------+-------+------------+-----------+-------+
|    Site Type   | Used | Fixed | Prohibited | Available | Util% |
+----------------+------+-------+------------+-----------+-------+
| DSPs           |    3 |     0 |          0 |      2760 |  0.11 |
|   DSP48E2 only |    3 |       |            |           |       |
+----------------+------+-------+------------+-----------+-------+


5. I/O
------

+------------------+------+-------+------------+-----------+-------+
|     Site Type    | Used | Fixed | Prohibited | Available | Util% |
+------------------+------+-------+------------+-----------+-------+
| Bonded IOB       |   18 |    18 |          0 |       520 |  3.46 |
| HPIOB            |    1 |     1 |          0 |       416 |  0.24 |
|   INPUT          |    1 |       |            |           |       |
|   OUTPUT         |    0 |       |            |           |       |
|   BIDIR          |    0 |       |            |           |       |
| HRIO             |   17 |    17 |          0 |       104 | 16.35 |
|   INPUT          |    5 |       |            |           |       |
|   OUTPUT         |   10 |       |            |           |       |
|   BIDIR          |    2 |       |            |           |       |
| HPIOBDIFFINBUF   |    0 |     0 |          0 |       240 |  0.00 |
| HPIOBDIFFOUTBUF  |    0 |     0 |          0 |       240 |  0.00 |
| HRIODIFFINBUF    |    0 |     0 |          0 |        48 |  0.00 |
| HRIODIFFOUTBUF   |    0 |     0 |          0 |        48 |  0.00 |
| BITSLICE_CONTROL |    0 |     0 |          0 |        96 |  0.00 |
| BITSLICE_RX_TX   |    0 |     0 |          0 |      3744 |  0.00 |
| BITSLICE_TX      |    0 |     0 |          0 |        96 |  0.00 |
| RIU_OR           |    0 |     0 |          0 |        48 |  0.00 |
+------------------+------+-------+------------+-----------+-------+


6. CLOCK
--------

+----------------------+------+-------+------------+-----------+-------+
|       Site Type      | Used | Fixed | Prohibited | Available | Util% |
+----------------------+------+-------+------------+-----------+-------+
| GLOBAL CLOCK BUFFERs |    6 |     0 |          0 |       624 |  0.96 |
|   BUFGCE             |    6 |     0 |          0 |       288 |  2.08 |
|   BUFGCE_DIV         |    0 |     0 |          0 |        48 |  0.00 |
|   BUFG_GT            |    0 |     0 |          0 |       192 |  0.00 |
|   BUFGCTRL*          |    0 |     0 |          0 |        96 |  0.00 |
| PLLE3_ADV            |    0 |     0 |          0 |        24 |  0.00 |
| MMCME3_ADV           |    1 |     0 |          0 |        12 |  8.33 |
+----------------------+------+-------+------------+-----------+-------+
* Note: Each used BUFGCTRL counts as two GLOBAL CLOCK BUFFERs. This table does not include global clocking resources, only buffer cell usage. See the Clock Utilization Report (report_clock_utilization) for detailed accounting of global clocking resource availability.


7. ADVANCED
-----------

+-----------------+------+-------+------------+-----------+-------+
|    Site Type    | Used | Fixed | Prohibited | Available | Util% |
+-----------------+------+-------+------------+-----------+-------+
| GTHE3_CHANNEL   |    0 |     0 |          0 |        28 |  0.00 |
| GTHE3_COMMON    |    0 |     0 |          0 |         7 |  0.00 |
| IBUFDS_GTE3     |    0 |     0 |          0 |        14 |  0.00 |
| OBUFDS_GTE3     |    0 |     0 |          0 |        14 |  0.00 |
| OBUFDS_GTE3_ADV |    0 |     0 |          0 |        14 |  0.00 |
| PCIE_3_1        |    0 |     0 |          0 |         3 |  0.00 |
| SYSMONE1        |    0 |     0 |          0 |         1 |  0.00 |
+-----------------+------+-------+------------+-----------+-------+


8. CONFIGURATION
----------------

+-------------+------+-------+------------+-----------+-------+
|  Site Type  | Used | Fixed | Prohibited | Available | Util% |
+-------------+------+-------+------------+-----------+-------+
| BSCANE2     |    0 |     0 |          0 |         4 |  0.00 |
| DNA_PORTE2  |    0 |     0 |          0 |         1 |  0.00 |
| EFUSE_USR   |    0 |     0 |          0 |         1 |  0.00 |
| FRAME_ECCE3 |    0 |     0 |          0 |         1 |  0.00 |
| ICAPE3      |    0 |     0 |          0 |         2 |  0.00 |
| MASTER_JTAG |    0 |     0 |          0 |         1 |  0.00 |
| STARTUPE3   |    0 |     0 |          0 |         1 |  0.00 |
+-------------+------+-------+------------+-----------+-------+


9. Primitives
-------------

+------------+------+---------------------+
|  Ref Name  | Used | Functional Category |
+------------+------+---------------------+
| LUT6       | 8360 |                 CLB |
| FDCE       | 3919 |            Register |
| LUT5       | 3370 |                 CLB |
| LUT4       | 2931 |                 CLB |
| FDRE       | 2239 |            Register |
| LUT3       | 1513 |                 CLB |
| LUT2       | 1263 |                 CLB |
| CARRY8     |  153 |                 CLB |
| FDPE       |  136 |            Register |
| MUXF7      |  126 |                 CLB |
| LUT1       |   96 |                 CLB |
| RAMB36E2   |   64 |            BLOCKRAM |
| MUXF8      |   14 |                 CLB |
| OBUF       |   10 |                 I/O |
| INBUF      |    7 |                 I/O |
| IBUFCTRL   |    7 |              Others |
| BUFGCE     |    6 |               Clock |
| DSP48E2    |    3 |          Arithmetic |
| OBUFT      |    2 |                 I/O |
| MMCME3_ADV |    1 |               Clock |
+------------+------+---------------------+


10. Black Boxes
---------------

+----------+------+
| Ref Name | Used |
+----------+------+


11. Instantiated Netlists
-------------------------

+----------+------+
| Ref Name | Used |
+----------+------+
| ram_128k |    2 |
| pll_50m  |    1 |
+----------+------+


