Copyright 1986-2021 Xilinx, Inc. All Rights Reserved.
-------------------------------------------------------------------------------------------------------------------
| Tool Version : Vivado v.2021.1 (lin64) Build 3247384 Thu Jun 10 19:36:07 MDT 2021
| Date         : Mon Mar 17 18:49:39 2025
| Host         : secure-Precision-3660 running 64-bit Ubuntu 20.04.6 LTS
| Command      : report_utilization -hierarchical -hierarchical_depth 3 -file ./checkpoint/implementation_hier.rpt
| Design       : mcu_top
| Device       : xcku060ffva1156-2
| Design State : Routed
-------------------------------------------------------------------------------------------------------------------

Utilization Design Information

Table of Contents
-----------------
1. Utilization by Hierarchy

1. Utilization by Hierarchy
---------------------------

+----------------------------------+------------------------------+------------+------------+---------+------+------+--------+--------+------+------------+
|             Instance             |            Module            | Total LUTs | Logic LUTs | LUTRAMs | SRLs |  FFs | RAMB36 | RAMB18 | URAM | DSP Blocks |
+----------------------------------+------------------------------+------------+------------+---------+------+------+--------+--------+------+------------+
| mcu_top                          |                        (top) |      15207 |      15207 |       0 |    0 | 6294 |     64 |      0 |    0 |          3 |
|   (mcu_top)                      |                        (top) |          0 |          0 |       0 |    0 |    0 |      0 |      0 |    0 |          0 |
|   u_fp_domain                    |                    fp_domain |      15200 |      15200 |       0 |    0 | 6283 |     64 |      0 |    0 |          3 |
|     u_CORTEXM3INTEGRATION        |        CORTEXM3INTEGRATIONDS |      14117 |      14117 |       0 |    0 | 5192 |      0 |      0 |    0 |          3 |
|       u_cortexm3ds_logic         |             cortexm3ds_logic |      14117 |      14117 |       0 |    0 | 5192 |      0 |      0 |    0 |          3 |
|     u_ahb_bus_matrix             |               ahb_bus_matrix |        264 |        264 |       0 |    0 |  147 |      0 |      0 |    0 |          0 |
|       u_ahb_bus_matrix_decoders0 |     ahb_bus_matrix_decoderS0 |          5 |          5 |       0 |    0 |    4 |      0 |      0 |    0 |          0 |
|       u_ahb_bus_matrix_decoders1 |     ahb_bus_matrix_decoderS1 |          1 |          1 |       0 |    0 |    4 |      0 |      0 |    0 |          0 |
|       u_ahb_bus_matrix_decoders2 |     ahb_bus_matrix_decoderS2 |         21 |         21 |       0 |    0 |    6 |      0 |      0 |    0 |          0 |
|       u_ahb_bus_matrix_i_0       |             ahb_bus_matrix_i |         81 |         81 |       0 |    0 |   38 |      0 |      0 |    0 |          0 |
|       u_ahb_bus_matrix_i_1       |          ahb_bus_matrix_i_20 |         26 |         26 |       0 |    0 |   30 |      0 |      0 |    0 |          0 |
|       u_ahb_bus_matrix_i_2       |          ahb_bus_matrix_i_21 |         59 |         59 |       0 |    0 |   34 |      0 |      0 |    0 |          0 |
|       u_ahb_bus_matrix_om0_0     |           ahb_bus_matrix_oM0 |         19 |         19 |       0 |    0 |    9 |      0 |      0 |    0 |          0 |
|       u_ahb_bus_matrix_om1_1     |           ahb_bus_matrix_oM1 |         27 |         27 |       0 |    0 |    9 |      0 |      0 |    0 |          0 |
|       u_ahb_bus_matrix_om6_2     |           ahb_bus_matrix_oM6 |         18 |         18 |       0 |    0 |    5 |      0 |      0 |    0 |          0 |
|       u_ahb_bus_matrix_om7_3     |           ahb_bus_matrix_oM7 |          7 |          7 |       0 |    0 |    4 |      0 |      0 |    0 |          0 |
|       u_ahb_bus_matrix_om8_4     |           ahb_bus_matrix_oM8 |          1 |          1 |       0 |    0 |    4 |      0 |      0 |    0 |          0 |
|     u_apb0_sync                  |             cmsdk_ahb_to_apb |         68 |         68 |       0 |    0 |   67 |      0 |      0 |    0 |          0 |
|     u_apb0_sync_top              |                     apb0_top |        430 |        430 |       0 |    0 |  735 |      0 |      0 |    0 |          0 |
|       u_debug_reg                |               debug0_apb_cfg |         32 |         32 |       0 |    0 |  128 |      0 |      0 |    0 |          0 |
|       u_uart0                    |                     uart_top |        398 |        398 |       0 |    0 |  607 |      0 |      0 |    0 |          0 |
|     u_apb1_async                 |       cmsdk_ahb_to_apb_async |          6 |          6 |       0 |    0 |   14 |      0 |      0 |    0 |          0 |
|       u_ahb_to_apb_async_h       |   cmsdk_ahb_to_apb_async_h_3 |          3 |          3 |       0 |    0 |    4 |      0 |      0 |    0 |          0 |
|       u_ahb_to_apb_async_p       |   cmsdk_ahb_to_apb_async_p_4 |          3 |          3 |       0 |    0 |    6 |      0 |      0 |    0 |          0 |
|       u_ahb_to_apb_async_syn_1   | cmsdk_ahb_to_apb_async_syn_5 |          0 |          0 |       0 |    0 |    2 |      0 |      0 |    0 |          0 |
|       u_ahb_to_apb_async_syn_2   | cmsdk_ahb_to_apb_async_syn_6 |          0 |          0 |       0 |    0 |    2 |      0 |      0 |    0 |          0 |
|     u_apb2_async                 |     cmsdk_ahb_to_apb_async_0 |          6 |          6 |       0 |    0 |   14 |      0 |      0 |    0 |          0 |
|       u_ahb_to_apb_async_h       |     cmsdk_ahb_to_apb_async_h |          3 |          3 |       0 |    0 |    4 |      0 |      0 |    0 |          0 |
|       u_ahb_to_apb_async_p       |     cmsdk_ahb_to_apb_async_p |          3 |          3 |       0 |    0 |    6 |      0 |      0 |    0 |          0 |
|       u_ahb_to_apb_async_syn_1   |   cmsdk_ahb_to_apb_async_syn |          0 |          0 |       0 |    0 |    2 |      0 |      0 |    0 |          0 |
|       u_ahb_to_apb_async_syn_2   | cmsdk_ahb_to_apb_async_syn_2 |          0 |          0 |       0 |    0 |    2 |      0 |      0 |    0 |          0 |
|     u_sram_top                   |                     sram_top |        312 |        312 |       0 |    0 |  114 |     64 |      0 |    0 |          0 |
|       u_ahb_to_dtcm              |            cmsdk_ahb_to_sram |         71 |         71 |       0 |    0 |   54 |      0 |      0 |    0 |          0 |
|       u_ahb_to_itcm              |          cmsdk_ahb_to_sram_1 |        105 |        105 |       0 |    0 |   54 |      0 |      0 |    0 |          0 |
|       u_dtcm                     |                ram_128k_HD29 |         68 |         68 |       0 |    0 |    3 |     32 |      0 |    0 |          0 |
|       u_itcm                     |                     ram_128k |         68 |         68 |       0 |    0 |    3 |     32 |      0 |    0 |          0 |
|   u_fpga_platform                |                fpga_platform |          7 |          7 |       0 |    0 |   11 |      0 |      0 |    0 |          0 |
|     (u_fpga_platform)            |                fpga_platform |          4 |          4 |       0 |    0 |    6 |      0 |      0 |    0 |          0 |
|     u_lsi                        |            clk_even_division |          3 |          3 |       0 |    0 |    5 |      0 |      0 |    0 |          0 |
|     u_pll0                       |                      pll_50m |          0 |          0 |       0 |    0 |    0 |      0 |      0 |    0 |          0 |
|       inst                       |              pll_50m_clk_wiz |          0 |          0 |       0 |    0 |    0 |      0 |      0 |    0 |          0 |
+----------------------------------+------------------------------+------------+------------+---------+------+------+--------+--------+------+------------+
* Note: The sum of lower-level cells may be larger than their parent cells total, due to cross-hierarchy LUT combining


